16:23:10 **** Incremental Build of configuration Debug for project LearnThree ****
make -j8 all 
arm-none-eabi-gcc "../Core/Src/main.c" -mcpu=cortex-m0 -std=gnu11 -g3 -DDEBUG -DUSE_HAL_DRIVER -DSTM32F051x8 -c -I../Core/Inc -I../Drivers/STM32F0xx_HAL_Driver/Inc -I../Drivers/STM32F0xx_HAL_Driver/Inc/Legacy -I../Drivers/CMSIS/Device/ST/STM32F0xx/Include -I../Drivers/CMSIS/Include -O0 -ffunction-sections -fdata-sections -Wall -fstack-usage -MMD -MP -MF"Core/Src/main.d" -MT"Core/Src/main.o" --specs=nano.specs -mfloat-abi=soft -mthumb -o "Core/Src/main.o"
arm-none-eabi-gcc -o "LearnThree.elf" @"objects.list"   -mcpu=cortex-m0 -T"/home/celikgo/Desktop/Embedded/STM32/LearnThree/STM32F051R8TX_FLASH.ld" --specs=nosys.specs -Wl,-Map="LearnThree.map" -Wl,--gc-sections -static --specs=nano.specs -mfloat-abi=soft -mthumb -Wl,--start-group -lc -lm -Wl,--end-group
Finished building target: LearnThree.elf
 
arm-none-eabi-size   LearnThree.elf 
arm-none-eabi-objdump -h -S  LearnThree.elf  > "LearnThree.list"
   text	   data	    bss	    dec	    hex	filename
   5336	     20	   1572	   6928	   1b10	LearnThree.elf
Finished building: default.size.stdout
 
Finished building: LearnThree.list
 

16:23:11 Build Finished. 0 errors, 0 warnings. (took 736ms)

