16:23:56 **** Incremental Build of configuration Debug for project LearnTwo ****
make -j8 all 
arm-none-eabi-gcc "../Core/Src/main.c" -mcpu=cortex-m3 -std=gnu11 -g3 -DDEBUG -DUSE_HAL_DRIVER -DSTM32F103xB -c -I../Core/Inc -I../Drivers/STM32F1xx_HAL_Driver/Inc -I../Drivers/STM32F1xx_HAL_Driver/Inc/Legacy -I../Drivers/CMSIS/Device/ST/STM32F1xx/Include -I../Drivers/CMSIS/Include -O0 -ffunction-sections -fdata-sections -Wall -fstack-usage -MMD -MP -MF"Core/Src/main.d" -MT"Core/Src/main.o" --specs=nano.specs -mfloat-abi=soft -mthumb -o "Core/Src/main.o"
arm-none-eabi-gcc -o "LearnTwo.elf" @"objects.list"   -mcpu=cortex-m3 -T"/home/celikgo/Desktop/Embedded/STM32/LearnTwo/STM32F103C8TX_FLASH.ld" --specs=nosys.specs -Wl,-Map="LearnTwo.map" -Wl,--gc-sections -static --specs=nano.specs -mfloat-abi=soft -mthumb -Wl,--start-group -lc -lm -Wl,--end-group
Finished building target: LearnTwo.elf
 
arm-none-eabi-size   LearnTwo.elf 
arm-none-eabi-objdump -h -S  LearnTwo.elf  > "LearnTwo.list"
   text	   data	    bss	    dec	    hex	filename
   4640	     20	   1572	   6232	   1858	LearnTwo.elf
Finished building: default.size.stdout
 
Finished building: LearnTwo.list
 

16:23:57 Build Finished. 0 errors, 0 warnings. (took 737ms)

