14:48:58 **** Incremental Build of configuration Debug for project UartComm ****
make -j8 all 
arm-none-eabi-gcc "../Core/Src/main.c" -mcpu=cortex-m0 -std=gnu11 -g3 -DDEBUG -DUSE_HAL_DRIVER -DSTM32F051x8 -c -I../Core/Inc -I../Drivers/STM32F0xx_HAL_Driver/Inc -I../Drivers/STM32F0xx_HAL_Driver/Inc/Legacy -I../Drivers/CMSIS/Device/ST/STM32F0xx/Include -I../Drivers/CMSIS/Include -O0 -ffunction-sections -fdata-sections -Wall -fstack-usage -MMD -MP -MF"Core/Src/main.d" -MT"Core/Src/main.o" --specs=nano.specs -mfloat-abi=soft -mthumb -o "Core/Src/main.o"
../Core/Src/main.c: In function 'main':
../Core/Src/main.c:99:31: warning: pointer targets in passing argument 2 of 'HAL_UART_Transmit' differ in signedness [-Wpointer-sign]
   99 |    HAL_UART_Transmit(&huart2, serialData, sizeof(serialData), 100);
      |                               ^~~~~~~~~~
      |                               |
      |                               char *
In file included from ../Core/Inc/stm32f0xx_hal_conf.h:289,
                 from ../Drivers/STM32F0xx_HAL_Driver/Inc/stm32f0xx_hal.h:30,
                 from ../Core/Inc/main.h:30,
                 from ../Core/Src/main.c:20:
../Drivers/STM32F0xx_HAL_Driver/Inc/stm32f0xx_hal_uart.h:1528:73: note: expected 'uint8_t *' {aka 'unsigned char *'} but argument is of type 'char *'
 1528 | HAL_StatusTypeDef HAL_UART_Transmit(UART_HandleTypeDef *huart, uint8_t *pData, uint16_t Size, uint32_t Timeout);
      |                                                                ~~~~~~~~~^~~~~
arm-none-eabi-gcc -o "UartComm.elf" @"objects.list"   -mcpu=cortex-m0 -T"/home/celikgo/Desktop/Embedded/STM32/UartComm/STM32F051R8TX_FLASH.ld" --specs=nosys.specs -Wl,-Map="UartComm.map" -Wl,--gc-sections -static --specs=nano.specs -mfloat-abi=soft -mthumb -Wl,--start-group -lc -lm -Wl,--end-group
Finished building target: UartComm.elf
 
arm-none-eabi-size   UartComm.elf 
arm-none-eabi-objdump -h -S  UartComm.elf  > "UartComm.list"
   text	   data	    bss	    dec	    hex	filename
   7332	     20	   1700	   9052	   235c	UartComm.elf
Finished building: default.size.stdout
 
Finished building: UartComm.list
 

14:48:59 Build Finished. 0 errors, 1 warnings. (took 730ms)

