Archive member included to satisfy reference by file (symbol)

/opt/st/stm32cubeide_1.9.0/plugins/com.st.stm32cube.ide.mcu.externaltools.gnu-tools-for-stm32.10.3-2021.10.linux64_1.0.0.202111181127/tools/bin/../lib/gcc/arm-none-eabi/10.3.1/../../../../arm-none-eabi/lib/thumb/v7-m/nofp/libc_nano.a(lib_a-errno.o)
                              ./Core/Src/syscalls.o (__errno)
/opt/st/stm32cubeide_1.9.0/plugins/com.st.stm32cube.ide.mcu.externaltools.gnu-tools-for-stm32.10.3-2021.10.linux64_1.0.0.202111181127/tools/bin/../lib/gcc/arm-none-eabi/10.3.1/../../../../arm-none-eabi/lib/thumb/v7-m/nofp/libc_nano.a(lib_a-exit.o)
                              /opt/st/stm32cubeide_1.9.0/plugins/com.st.stm32cube.ide.mcu.externaltools.gnu-tools-for-stm32.10.3-2021.10.linux64_1.0.0.202111181127/tools/bin/../lib/gcc/arm-none-eabi/10.3.1/../../../../arm-none-eabi/lib/thumb/v7-m/nofp/crt0.o (exit)
/opt/st/stm32cubeide_1.9.0/plugins/com.st.stm32cube.ide.mcu.externaltools.gnu-tools-for-stm32.10.3-2021.10.linux64_1.0.0.202111181127/tools/bin/../lib/gcc/arm-none-eabi/10.3.1/../../../../arm-none-eabi/lib/thumb/v7-m/nofp/libc_nano.a(lib_a-impure.o)
                              /opt/st/stm32cubeide_1.9.0/plugins/com.st.stm32cube.ide.mcu.externaltools.gnu-tools-for-stm32.10.3-2021.10.linux64_1.0.0.202111181127/tools/bin/../lib/gcc/arm-none-eabi/10.3.1/../../../../arm-none-eabi/lib/thumb/v7-m/nofp/libc_nano.a(lib_a-exit.o) (_global_impure_ptr)
/opt/st/stm32cubeide_1.9.0/plugins/com.st.stm32cube.ide.mcu.externaltools.gnu-tools-for-stm32.10.3-2021.10.linux64_1.0.0.202111181127/tools/bin/../lib/gcc/arm-none-eabi/10.3.1/../../../../arm-none-eabi/lib/thumb/v7-m/nofp/libc_nano.a(lib_a-init.o)
                              /opt/st/stm32cubeide_1.9.0/plugins/com.st.stm32cube.ide.mcu.externaltools.gnu-tools-for-stm32.10.3-2021.10.linux64_1.0.0.202111181127/tools/bin/../lib/gcc/arm-none-eabi/10.3.1/../../../../arm-none-eabi/lib/thumb/v7-m/nofp/crt0.o (__libc_init_array)
/opt/st/stm32cubeide_1.9.0/plugins/com.st.stm32cube.ide.mcu.externaltools.gnu-tools-for-stm32.10.3-2021.10.linux64_1.0.0.202111181127/tools/bin/../lib/gcc/arm-none-eabi/10.3.1/../../../../arm-none-eabi/lib/thumb/v7-m/nofp/libc_nano.a(lib_a-memset.o)
                              /opt/st/stm32cubeide_1.9.0/plugins/com.st.stm32cube.ide.mcu.externaltools.gnu-tools-for-stm32.10.3-2021.10.linux64_1.0.0.202111181127/tools/bin/../lib/gcc/arm-none-eabi/10.3.1/../../../../arm-none-eabi/lib/thumb/v7-m/nofp/crt0.o (memset)
/opt/st/stm32cubeide_1.9.0/plugins/com.st.stm32cube.ide.mcu.externaltools.gnu-tools-for-stm32.10.3-2021.10.linux64_1.0.0.202111181127/tools/bin/../lib/gcc/arm-none-eabi/10.3.1/thumb/v7-m/nofp/libgcc.a(_arm_muldf3.o)
                              ./Core/Src/main.o (__aeabi_dmul)
/opt/st/stm32cubeide_1.9.0/plugins/com.st.stm32cube.ide.mcu.externaltools.gnu-tools-for-stm32.10.3-2021.10.linux64_1.0.0.202111181127/tools/bin/../lib/gcc/arm-none-eabi/10.3.1/thumb/v7-m/nofp/libgcc.a(_arm_addsubdf3.o)
                              ./Core/Src/main.o (__aeabi_dsub)
/opt/st/stm32cubeide_1.9.0/plugins/com.st.stm32cube.ide.mcu.externaltools.gnu-tools-for-stm32.10.3-2021.10.linux64_1.0.0.202111181127/tools/bin/../lib/gcc/arm-none-eabi/10.3.1/thumb/v7-m/nofp/libgcc.a(_arm_muldivdf3.o)
                              ./Core/Src/main.o (__aeabi_ddiv)
/opt/st/stm32cubeide_1.9.0/plugins/com.st.stm32cube.ide.mcu.externaltools.gnu-tools-for-stm32.10.3-2021.10.linux64_1.0.0.202111181127/tools/bin/../lib/gcc/arm-none-eabi/10.3.1/thumb/v7-m/nofp/libgcc.a(_arm_fixunsdfsi.o)
                              ./Core/Src/main.o (__aeabi_d2uiz)
/opt/st/stm32cubeide_1.9.0/plugins/com.st.stm32cube.ide.mcu.externaltools.gnu-tools-for-stm32.10.3-2021.10.linux64_1.0.0.202111181127/tools/bin/../lib/gcc/arm-none-eabi/10.3.1/thumb/v7-m/nofp/libgcc.a(_arm_addsubsf3.o)
                              ./Core/Src/main.o (__aeabi_ui2f)
/opt/st/stm32cubeide_1.9.0/plugins/com.st.stm32cube.ide.mcu.externaltools.gnu-tools-for-stm32.10.3-2021.10.linux64_1.0.0.202111181127/tools/bin/../lib/gcc/arm-none-eabi/10.3.1/thumb/v7-m/nofp/libgcc.a(_arm_muldivsf3.o)
                              ./Core/Src/main.o (__aeabi_fdiv)

Discarded input sections

 .text          0x0000000000000000        0x0 /opt/st/stm32cubeide_1.9.0/plugins/com.st.stm32cube.ide.mcu.externaltools.gnu-tools-for-stm32.10.3-2021.10.linux64_1.0.0.202111181127/tools/bin/../lib/gcc/arm-none-eabi/10.3.1/thumb/v7-m/nofp/crti.o
 .data          0x0000000000000000        0x0 /opt/st/stm32cubeide_1.9.0/plugins/com.st.stm32cube.ide.mcu.externaltools.gnu-tools-for-stm32.10.3-2021.10.linux64_1.0.0.202111181127/tools/bin/../lib/gcc/arm-none-eabi/10.3.1/thumb/v7-m/nofp/crti.o
 .bss           0x0000000000000000        0x0 /opt/st/stm32cubeide_1.9.0/plugins/com.st.stm32cube.ide.mcu.externaltools.gnu-tools-for-stm32.10.3-2021.10.linux64_1.0.0.202111181127/tools/bin/../lib/gcc/arm-none-eabi/10.3.1/thumb/v7-m/nofp/crti.o
[...]
Memory Configuration

Name             Origin             Length             Attributes
RAM              0x0000000020000000 0x0000000000005000 xrw
FLASH            0x0000000008000000 0x0000000000010000 xr
*default*        0x0000000000000000 0xffffffffffffffff

Linker script and memory map

LOAD /opt/st/stm32cubeide_1.9.0/plugins/com.st.stm32cube.ide.mcu.externaltools.gnu-tools-for-stm32.10.3-2021.10.linux64_1.0.0.202111181127/tools/bin/../lib/gcc/arm-none-eabi/10.3.1/thumb/v7-m/nofp/crti.o
LOAD /opt/st/stm32cubeide_1.9.0/plugins/com.st.stm32cube.ide.mcu.externaltools.gnu-tools-for-stm32.10.3-2021.10.linux64_1.0.0.202111181127/tools/bin/../lib/gcc/arm-none-eabi/10.3.1/thumb/v7-m/nofp/crtbegin.o
LOAD /opt/st/stm32cubeide_1.9.0/plugins/com.st.stm32cube.ide.mcu.externaltools.gnu-tools-for-stm32.10.3-2021.10.linux64_1.0.0.202111181127/tools/bin/../lib/gcc/arm-none-eabi/10.3.1/../../../../arm-none-eabi/lib/thumb/v7-m/nofp/crt0.o
LOAD ./Core/Src/main.o
LOAD ./Core/Src/stm32f1xx_hal_msp.o
LOAD ./Core/Src/stm32f1xx_it.o
LOAD ./Core/Src/syscalls.o
LOAD ./Core/Src/sysmem.o
LOAD ./Core/Src/system_stm32f1xx.o
LOAD ./Core/Startup/startup_stm32f103c8tx.o
LOAD ./Drivers/SFM3300Driver/SFM3300.o
LOAD ./Drivers/STM32F1xx_HAL_Driver/Src/stm32f1xx_hal.o
LOAD ./Drivers/STM32F1xx_HAL_Driver/Src/stm32f1xx_hal_adc.o
LOAD ./Drivers/STM32F1xx_HAL_Driver/Src/stm32f1xx_hal_adc_ex.o
LOAD ./Drivers/STM32F1xx_HAL_Driver/Src/stm32f1xx_hal_cortex.o
LOAD ./Drivers/STM32F1xx_HAL_Driver/Src/stm32f1xx_hal_dma.o
LOAD ./Drivers/STM32F1xx_HAL_Driver/Src/stm32f1xx_hal_exti.o
LOAD ./Drivers/STM32F1xx_HAL_Driver/Src/stm32f1xx_hal_flash.o
LOAD ./Drivers/STM32F1xx_HAL_Driver/Src/stm32f1xx_hal_flash_ex.o
LOAD ./Drivers/STM32F1xx_HAL_Driver/Src/stm32f1xx_hal_gpio.o
LOAD ./Drivers/STM32F1xx_HAL_Driver/Src/stm32f1xx_hal_gpio_ex.o
LOAD ./Drivers/STM32F1xx_HAL_Driver/Src/stm32f1xx_hal_i2c.o
LOAD ./Drivers/STM32F1xx_HAL_Driver/Src/stm32f1xx_hal_pcd.o
LOAD ./Drivers/STM32F1xx_HAL_Driver/Src/stm32f1xx_hal_pcd_ex.o
LOAD ./Drivers/STM32F1xx_HAL_Driver/Src/stm32f1xx_hal_pwr.o
LOAD ./Drivers/STM32F1xx_HAL_Driver/Src/stm32f1xx_hal_rcc.o
LOAD ./Drivers/STM32F1xx_HAL_Driver/Src/stm32f1xx_hal_rcc_ex.o
LOAD ./Drivers/STM32F1xx_HAL_Driver/Src/stm32f1xx_hal_tim.o
LOAD ./Drivers/STM32F1xx_HAL_Driver/Src/stm32f1xx_hal_tim_ex.o
LOAD ./Drivers/STM32F1xx_HAL_Driver/Src/stm32f1xx_ll_usb.o
LOAD ./Middlewares/ST/STM32_USB_Device_Library/Class/CDC/Src/usbd_cdc.o
LOAD ./Middlewares/ST/STM32_USB_Device_Library/Core/Src/usbd_core.o
LOAD ./Middlewares/ST/STM32_USB_Device_Library/Core/Src/usbd_ctlreq.o
LOAD ./Middlewares/ST/STM32_USB_Device_Library/Core/Src/usbd_ioreq.o
LOAD ./USB_DEVICE/App/usb_device.o
LOAD ./USB_DEVICE/App/usbd_cdc_if.o
LOAD ./USB_DEVICE/App/usbd_desc.o
LOAD ./USB_DEVICE/Target/usbd_conf.o
START GROUP
LOAD /opt/st/stm32cubeide_1.9.0/plugins/com.st.stm32cube.ide.mcu.externaltools.gnu-tools-for-stm32.10.3-2021.10.linux64_1.0.0.202111181127/tools/bin/../lib/gcc/arm-none-eabi/10.3.1/../../../../arm-none-eabi/lib/thumb/v7-m/nofp/libc_nano.a
LOAD /opt/st/stm32cubeide_1.9.0/plugins/com.st.stm32cube.ide.mcu.externaltools.gnu-tools-for-stm32.10.3-2021.10.linux64_1.0.0.202111181127/tools/bin/../lib/gcc/arm-none-eabi/10.3.1/../../../../arm-none-eabi/lib/thumb/v7-m/nofp/libm.a
END GROUP
START GROUP
LOAD /opt/st/stm32cubeide_1.9.0/plugins/com.st.stm32cube.ide.mcu.externaltools.gnu-tools-for-stm32.10.3-2021.10.linux64_1.0.0.202111181127/tools/bin/../lib/gcc/arm-none-eabi/10.3.1/thumb/v7-m/nofp/libgcc.a
LOAD /opt/st/stm32cubeide_1.9.0/plugins/com.st.stm32cube.ide.mcu.externaltools.gnu-tools-for-stm32.10.3-2021.10.linux64_1.0.0.202111181127/tools/bin/../lib/gcc/arm-none-eabi/10.3.1/../../../../arm-none-eabi/lib/thumb/v7-m/nofp/libc_nano.a
END GROUP
START GROUP
LOAD /opt/st/stm32cubeide_1.9.0/plugins/com.st.stm32cube.ide.mcu.externaltools.gnu-tools-for-stm32.10.3-2021.10.linux64_1.0.0.202111181127/tools/bin/../lib/gcc/arm-none-eabi/10.3.1/thumb/v7-m/nofp/libgcc.a
LOAD /opt/st/stm32cubeide_1.9.0/plugins/com.st.stm32cube.ide.mcu.externaltools.gnu-tools-for-stm32.10.3-2021.10.linux64_1.0.0.202111181127/tools/bin/../lib/gcc/arm-none-eabi/10.3.1/../../../../arm-none-eabi/lib/thumb/v7-m/nofp/libc_nano.a
LOAD /opt/st/stm32cubeide_1.9.0/plugins/com.st.stm32cube.ide.mcu.externaltools.gnu-tools-for-stm32.10.3-2021.10.linux64_1.0.0.202111181127/tools/bin/../lib/gcc/arm-none-eabi/10.3.1/../../../../arm-none-eabi/lib/thumb/v7-m/nofp/libnosys.a
END GROUP
START GROUP
LOAD /opt/st/stm32cubeide_1.9.0/plugins/com.st.stm32cube.ide.mcu.externaltools.gnu-tools-for-stm32.10.3-2021.10.linux64_1.0.0.202111181127/tools/bin/../lib/gcc/arm-none-eabi/10.3.1/thumb/v7-m/nofp/libgcc.a
LOAD /opt/st/stm32cubeide_1.9.0/plugins/com.st.stm32cube.ide.mcu.externaltools.gnu-tools-for-stm32.10.3-2021.10.linux64_1.0.0.202111181127/tools/bin/../lib/gcc/arm-none-eabi/10.3.1/../../../../arm-none-eabi/lib/thumb/v7-m/nofp/libc_nano.a
LOAD /opt/st/stm32cubeide_1.9.0/plugins/com.st.stm32cube.ide.mcu.externaltools.gnu-tools-for-stm32.10.3-2021.10.linux64_1.0.0.202111181127/tools/bin/../lib/gcc/arm-none-eabi/10.3.1/../../../../arm-none-eabi/lib/thumb/v7-m/nofp/libnosys.a
END GROUP
LOAD /opt/st/stm32cubeide_1.9.0/plugins/com.st.stm32cube.ide.mcu.externaltools.gnu-tools-for-stm32.10.3-2021.10.linux64_1.0.0.202111181127/tools/bin/../lib/gcc/arm-none-eabi/10.3.1/thumb/v7-m/nofp/crtend.o
LOAD /opt/st/stm32cubeide_1.9.0/plugins/com.st.stm32cube.ide.mcu.externaltools.gnu-tools-for-stm32.10.3-2021.10.linux64_1.0.0.202111181127/tools/bin/../lib/gcc/arm-none-eabi/10.3.1/thumb/v7-m/nofp/crtn.o
                0x0000000020005000                _estack = (ORIGIN (RAM) + LENGTH (RAM))
                0x0000000000000200                _Min_Heap_Size = 0x200
                0x0000000000000400                _Min_Stack_Size = 0x400

.isr_vector     0x0000000008000000      0x10c
                0x0000000008000000                . = ALIGN (0x4)
 *(.isr_vector)
 .isr_vector    0x0000000008000000      0x10c ./Core/Startup/startup_stm32f103c8tx.o
                0x0000000008000000                g_pfnVectors
                0x000000000800010c                . = ALIGN (0x4)

.text           0x0000000008000110     0xa00c
                0x0000000008000110                . = ALIGN (0x4)
 *(.text)
 .text          0x0000000008000110       0x40 /opt/st/stm32cubeide_1.9.0/plugins/com.st.stm32cube.ide.mcu.externaltools.gnu-tools-for-stm32.10.3-2021.10.linux64_1.0.0.202111181127/tools/bin/../lib/gcc/arm-none-eabi/10.3.1/thumb/v7-m/nofp/crtbegin.o
 .text          0x0000000008000150      0x378 /opt/st/stm32cubeide_1.9.0/plugins/com.st.stm32cube.ide.mcu.externaltools.gnu-tools-for-stm32.10.3-2021.10.linux64_1.0.0.202111181127/tools/bin/../lib/gcc/arm-none-eabi/10.3.1/thumb/v7-m/nofp/libgcc.a(_arm_addsubdf3.o)
                0x0000000008000150                __aeabi_drsub
                0x0000000008000158                __aeabi_dsub
                0x0000000008000158                __subdf3
                0x000000000800015c                __adddf3
                0x000000000800015c                __aeabi_dadd
                0x00000000080003d4                __aeabi_ui2d
                0x00000000080003d4                __floatunsidf
                0x00000000080003f4                __floatsidf
                0x00000000080003f4                __aeabi_i2d
                0x0000000008000418                __extendsfdf2
                0x0000000008000418                __aeabi_f2d
                0x000000000800045c                __aeabi_ul2d
                0x000000000800045c                __floatundidf
                0x000000000800046c                __floatdidf
                0x000000000800046c                __aeabi_l2d
 .text          0x00000000080004c8      0x424 /opt/st/stm32cubeide_1.9.0/plugins/com.st.stm32cube.ide.mcu.externaltools.gnu-tools-for-stm32.10.3-2021.10.linux64_1.0.0.202111181127/tools/bin/../lib/gcc/arm-none-eabi/10.3.1/thumb/v7-m/nofp/libgcc.a(_arm_muldivdf3.o)
                0x00000000080004c8                __aeabi_dmul
                0x00000000080004c8                __muldf3
                0x000000000800071c                __aeabi_ddiv
                0x000000000800071c                __divdf3
 .text          0x00000000080008ec       0x40 /opt/st/stm32cubeide_1.9.0/plugins/com.st.stm32cube.ide.mcu.externaltools.gnu-tools-for-stm32.10.3-2021.10.linux64_1.0.0.202111181127/tools/bin/../lib/gcc/arm-none-eabi/10.3.1/thumb/v7-m/nofp/libgcc.a(_arm_fixunsdfsi.o)
                0x00000000080008ec                __fixunsdfsi
                0x00000000080008ec                __aeabi_d2uiz
 .text          0x000000000800092c      0x21c /opt/st/stm32cubeide_1.9.0/plugins/com.st.stm32cube.ide.mcu.externaltools.gnu-tools-for-stm32.10.3-2021.10.linux64_1.0.0.202111181127/tools/bin/../lib/gcc/arm-none-eabi/10.3.1/thumb/v7-m/nofp/libgcc.a(_arm_addsubsf3.o)
                0x000000000800092c                __aeabi_frsub
                0x0000000008000934                __subsf3
                0x0000000008000934                __aeabi_fsub
                0x0000000008000938                __aeabi_fadd
                0x0000000008000938                __addsf3
                0x0000000008000a98                __aeabi_ui2f
                0x0000000008000a98                __floatunsisf
                0x0000000008000aa0                __aeabi_i2f
                0x0000000008000aa0                __floatsisf
                0x0000000008000abc                __floatundisf
                0x0000000008000abc                __aeabi_ul2f
                0x0000000008000acc                __floatdisf
                0x0000000008000acc                __aeabi_l2f
 .text          0x0000000008000b48      0x2a0 /opt/st/stm32cubeide_1.9.0/plugins/com.st.stm32cube.ide.mcu.externaltools.gnu-tools-for-stm32.10.3-2021.10.linux64_1.0.0.202111181127/tools/bin/../lib/gcc/arm-none-eabi/10.3.1/thumb/v7-m/nofp/libgcc.a(_arm_muldivsf3.o)
                0x0000000008000b48                __mulsf3
                0x0000000008000b48                __aeabi_fmul
                0x0000000008000cb0                __divsf3
                0x0000000008000cb0                __aeabi_fdiv
 *(.text*)
 .text.main     0x0000000008000de8      0x1dc ./Core/Src/main.o
                0x0000000008000de8                main
 .text.SystemClock_Config
                0x0000000008000fc4       0xba ./Core/Src/main.o
                0x0000000008000fc4                SystemClock_Config
 *fill*         0x000000000800107e        0x2 
 .text.MX_ADC1_Init
                0x0000000008001080       0x7c ./Core/Src/main.o
 .text.MX_ADC2_Init
                0x00000000080010fc       0x7c ./Core/Src/main.o
 .text.MX_I2C1_Init
                0x0000000008001178       0x5c ./Core/Src/main.o
 .text.MX_I2C2_Init
                0x00000000080011d4       0x5c ./Core/Src/main.o
 .text.MX_GPIO_Init
                0x0000000008001230       0x5c ./Core/Src/main.o
 .text.Error_Handler
                0x000000000800128c        0xa ./Core/Src/main.o
                0x000000000800128c                Error_Handler
 *fill*         0x0000000008001296        0x2 
 .text.HAL_MspInit
                0x0000000008001298       0x64 ./Core/Src/stm32f1xx_hal_msp.o
                0x0000000008001298                HAL_MspInit
 .text.HAL_ADC_MspInit
                0x00000000080012fc       0xcc ./Core/Src/stm32f1xx_hal_msp.o
                0x00000000080012fc                HAL_ADC_MspInit
 .text.HAL_I2C_MspInit
                0x00000000080013c8       0xd8 ./Core/Src/stm32f1xx_hal_msp.o
                0x00000000080013c8                HAL_I2C_MspInit
 .text.NMI_Handler
                0x00000000080014a0        0x6 ./Core/Src/stm32f1xx_it.o
                0x00000000080014a0                NMI_Handler
 .text.HardFault_Handler
                0x00000000080014a6        0x6 ./Core/Src/stm32f1xx_it.o
                0x00000000080014a6                HardFault_Handler
 .text.MemManage_Handler
                0x00000000080014ac        0x6 ./Core/Src/stm32f1xx_it.o
                0x00000000080014ac                MemManage_Handler
 .text.BusFault_Handler
                0x00000000080014b2        0x6 ./Core/Src/stm32f1xx_it.o
                0x00000000080014b2                BusFault_Handler
 .text.UsageFault_Handler
                0x00000000080014b8        0x6 ./Core/Src/stm32f1xx_it.o
                0x00000000080014b8                UsageFault_Handler
 .text.SVC_Handler
                0x00000000080014be        0xc ./Core/Src/stm32f1xx_it.o
                0x00000000080014be                SVC_Handler
 .text.DebugMon_Handler
                0x00000000080014ca        0xc ./Core/Src/stm32f1xx_it.o
                0x00000000080014ca                DebugMon_Handler
 .text.PendSV_Handler
                0x00000000080014d6        0xc ./Core/Src/stm32f1xx_it.o
                0x00000000080014d6                PendSV_Handler
 .text.SysTick_Handler
                0x00000000080014e2        0xc ./Core/Src/stm32f1xx_it.o
                0x00000000080014e2                SysTick_Handler
 *fill*         0x00000000080014ee        0x2 
 .text.USB_LP_CAN1_RX0_IRQHandler
                0x00000000080014f0       0x14 ./Core/Src/stm32f1xx_it.o
                0x00000000080014f0                USB_LP_CAN1_RX0_IRQHandler
 .text.SystemInit
                0x0000000008001504        0xc ./Core/Src/system_stm32f1xx.o
                0x0000000008001504                SystemInit
 .text.Reset_Handler
                0x0000000008001510       0x48 ./Core/Startup/startup_stm32f103c8tx.o
                0x0000000008001510                Reset_Handler
 .text.Default_Handler
                0x0000000008001558        0x2 ./Core/Startup/startup_stm32f103c8tx.o
                0x0000000008001558                RTC_Alarm_IRQHandler
                0x0000000008001558                EXTI2_IRQHandler
                0x0000000008001558                TIM1_CC_IRQHandler
                0x0000000008001558                PVD_IRQHandler
                0x0000000008001558                EXTI3_IRQHandler
                0x0000000008001558                EXTI0_IRQHandler
                0x0000000008001558                I2C2_EV_IRQHandler
                0x0000000008001558                ADC1_2_IRQHandler
                0x0000000008001558                SPI1_IRQHandler
                0x0000000008001558                TAMPER_IRQHandler
                0x0000000008001558                DMA1_Channel4_IRQHandler
                0x0000000008001558                USART3_IRQHandler
                0x0000000008001558                RTC_IRQHandler
                0x0000000008001558                DMA1_Channel7_IRQHandler
                0x0000000008001558                CAN1_RX1_IRQHandler
                0x0000000008001558                TIM4_IRQHandler
                0x0000000008001558                I2C1_EV_IRQHandler
                0x0000000008001558                DMA1_Channel6_IRQHandler
                0x0000000008001558                TIM3_IRQHandler
                0x0000000008001558                RCC_IRQHandler
                0x0000000008001558                TIM1_TRG_COM_IRQHandler
                0x0000000008001558                DMA1_Channel1_IRQHandler
                0x0000000008001558                Default_Handler
                0x0000000008001558                EXTI15_10_IRQHandler
                0x0000000008001558                EXTI9_5_IRQHandler
                0x0000000008001558                SPI2_IRQHandler
                0x0000000008001558                DMA1_Channel5_IRQHandler
                0x0000000008001558                EXTI4_IRQHandler
                0x0000000008001558                USB_HP_CAN1_TX_IRQHandler
                0x0000000008001558                DMA1_Channel3_IRQHandler
                0x0000000008001558                TIM1_UP_IRQHandler
                0x0000000008001558                WWDG_IRQHandler
                0x0000000008001558                TIM2_IRQHandler
                0x0000000008001558                TIM1_BRK_IRQHandler
                0x0000000008001558                EXTI1_IRQHandler
                0x0000000008001558                USART2_IRQHandler
                0x0000000008001558                I2C2_ER_IRQHandler
                0x0000000008001558                DMA1_Channel2_IRQHandler
                0x0000000008001558                CAN1_SCE_IRQHandler
                0x0000000008001558                FLASH_IRQHandler
                0x0000000008001558                USART1_IRQHandler
                0x0000000008001558                I2C1_ER_IRQHandler
                0x0000000008001558                USBWakeUp_IRQHandler
 .text.SFM3300_Read_Current
                0x000000000800155a       0x2c ./Drivers/SFM3300Driver/SFM3300.o
                0x000000000800155a                SFM3300_Read_Current
 .text.SMF3300_CheckCrc
                0x0000000008001586       0x7e ./Drivers/SFM3300Driver/SFM3300.o
                0x0000000008001586                SMF3300_CheckCrc
 .text.SFM3300_ConvertRawData_to_FlowValue
                0x0000000008001604       0x60 ./Drivers/SFM3300Driver/SFM3300.o
                0x0000000008001604                SFM3300_ConvertRawData_to_FlowValue
 .text.HAL_Init
                0x0000000008001664       0x2c ./Drivers/STM32F1xx_HAL_Driver/Src/stm32f1xx_hal.o
                0x0000000008001664                HAL_Init
 .text.HAL_InitTick
                0x0000000008001690       0x60 ./Drivers/STM32F1xx_HAL_Driver/Src/stm32f1xx_hal.o
                0x0000000008001690                HAL_InitTick
 .text.HAL_IncTick
                0x00000000080016f0       0x24 ./Drivers/STM32F1xx_HAL_Driver/Src/stm32f1xx_hal.o
                0x00000000080016f0                HAL_IncTick
 .text.HAL_GetTick
                0x0000000008001714       0x14 ./Drivers/STM32F1xx_HAL_Driver/Src/stm32f1xx_hal.o
                0x0000000008001714                HAL_GetTick
 .text.HAL_ADC_Init
                0x0000000008001728      0x1b0 ./Drivers/STM32F1xx_HAL_Driver/Src/stm32f1xx_hal_adc.o
                0x0000000008001728                HAL_ADC_Init
 .text.HAL_ADC_Start
                0x00000000080018d8      0x15c ./Drivers/STM32F1xx_HAL_Driver/Src/stm32f1xx_hal_adc.o
                0x00000000080018d8                HAL_ADC_Start
 .text.HAL_ADC_PollForConversion
                0x0000000008001a34      0x20c ./Drivers/STM32F1xx_HAL_Driver/Src/stm32f1xx_hal_adc.o
                0x0000000008001a34                HAL_ADC_PollForConversion
 .text.HAL_ADC_GetValue
                0x0000000008001c40       0x18 ./Drivers/STM32F1xx_HAL_Driver/Src/stm32f1xx_hal_adc.o
                0x0000000008001c40                HAL_ADC_GetValue
 .text.HAL_ADC_ConfigChannel
                0x0000000008001c58      0x1f0 ./Drivers/STM32F1xx_HAL_Driver/Src/stm32f1xx_hal_adc.o
                0x0000000008001c58                HAL_ADC_ConfigChannel
 .text.ADC_Enable
                0x0000000008001e48       0xb4 ./Drivers/STM32F1xx_HAL_Driver/Src/stm32f1xx_hal_adc.o
                0x0000000008001e48                ADC_Enable
 .text.ADC_ConversionStop_Disable
                0x0000000008001efc       0x82 ./Drivers/STM32F1xx_HAL_Driver/Src/stm32f1xx_hal_adc.o
                0x0000000008001efc                ADC_ConversionStop_Disable
 *fill*         0x0000000008001f7e        0x2 
 .text.__NVIC_SetPriorityGrouping
                0x0000000008001f80       0x48 ./Drivers/STM32F1xx_HAL_Driver/Src/stm32f1xx_hal_cortex.o
 .text.__NVIC_GetPriorityGrouping
                0x0000000008001fc8       0x1c ./Drivers/STM32F1xx_HAL_Driver/Src/stm32f1xx_hal_cortex.o
 .text.__NVIC_EnableIRQ
                0x0000000008001fe4       0x38 ./Drivers/STM32F1xx_HAL_Driver/Src/stm32f1xx_hal_cortex.o
 .text.__NVIC_SetPriority
                0x000000000800201c       0x54 ./Drivers/STM32F1xx_HAL_Driver/Src/stm32f1xx_hal_cortex.o
 .text.NVIC_EncodePriority
                0x0000000008002070       0x64 ./Drivers/STM32F1xx_HAL_Driver/Src/stm32f1xx_hal_cortex.o
 .text.SysTick_Config
                0x00000000080020d4       0x44 ./Drivers/STM32F1xx_HAL_Driver/Src/stm32f1xx_hal_cortex.o
 .text.HAL_NVIC_SetPriorityGrouping
                0x0000000008002118       0x16 ./Drivers/STM32F1xx_HAL_Driver/Src/stm32f1xx_hal_cortex.o
                0x0000000008002118                HAL_NVIC_SetPriorityGrouping
 .text.HAL_NVIC_SetPriority
                0x000000000800212e       0x38 ./Drivers/STM32F1xx_HAL_Driver/Src/stm32f1xx_hal_cortex.o
                0x000000000800212e                HAL_NVIC_SetPriority
 .text.HAL_NVIC_EnableIRQ
                0x0000000008002166       0x1c ./Drivers/STM32F1xx_HAL_Driver/Src/stm32f1xx_hal_cortex.o
                0x0000000008002166                HAL_NVIC_EnableIRQ
 .text.HAL_SYSTICK_Config
                0x0000000008002182       0x18 ./Drivers/STM32F1xx_HAL_Driver/Src/stm32f1xx_hal_cortex.o
                0x0000000008002182                HAL_SYSTICK_Config
 *fill*         0x000000000800219a        0x2 
 .text.HAL_GPIO_Init
                0x000000000800219c      0x308 ./Drivers/STM32F1xx_HAL_Driver/Src/stm32f1xx_hal_gpio.o
                0x000000000800219c                HAL_GPIO_Init
 .text.HAL_I2C_Init
                0x00000000080024a4      0x288 ./Drivers/STM32F1xx_HAL_Driver/Src/stm32f1xx_hal_i2c.o
                0x00000000080024a4                HAL_I2C_Init
 .text.HAL_I2C_Mem_Read
                0x000000000800272c      0x4d0 ./Drivers/STM32F1xx_HAL_Driver/Src/stm32f1xx_hal_i2c.o
                0x000000000800272c                HAL_I2C_Mem_Read
 .text.I2C_RequestMemoryRead
                0x0000000008002bfc      0x1d0 ./Drivers/STM32F1xx_HAL_Driver/Src/stm32f1xx_hal_i2c.o
 .text.I2C_WaitOnFlagUntilTimeout
                0x0000000008002dcc       0xae ./Drivers/STM32F1xx_HAL_Driver/Src/stm32f1xx_hal_i2c.o
 .text.I2C_WaitOnMasterAddressFlagUntilTimeout
                0x0000000008002e7a       0xfe ./Drivers/STM32F1xx_HAL_Driver/Src/stm32f1xx_hal_i2c.o
 .text.I2C_WaitOnTXEFlagUntilTimeout
                0x0000000008002f78       0x82 ./Drivers/STM32F1xx_HAL_Driver/Src/stm32f1xx_hal_i2c.o
 .text.I2C_WaitOnRXNEFlagUntilTimeout
                0x0000000008002ffa       0xac ./Drivers/STM32F1xx_HAL_Driver/Src/stm32f1xx_hal_i2c.o
 .text.I2C_IsAcknowledgeFailed
                0x00000000080030a6       0x5c ./Drivers/STM32F1xx_HAL_Driver/Src/stm32f1xx_hal_i2c.o
 .text.HAL_PCD_Init
                0x0000000008003102      0x216 ./Drivers/STM32F1xx_HAL_Driver/Src/stm32f1xx_hal_pcd.o
                0x0000000008003102                HAL_PCD_Init
 .text.HAL_PCD_Start
                0x0000000008003318       0x4c ./Drivers/STM32F1xx_HAL_Driver/Src/stm32f1xx_hal_pcd.o
                0x0000000008003318                HAL_PCD_Start
 .text.HAL_PCD_IRQHandler
                0x0000000008003364      0x2a6 ./Drivers/STM32F1xx_HAL_Driver/Src/stm32f1xx_hal_pcd.o
                0x0000000008003364                HAL_PCD_IRQHandler
 .text.HAL_PCD_SetAddress
                0x000000000800360a       0x4a ./Drivers/STM32F1xx_HAL_Driver/Src/stm32f1xx_hal_pcd.o
                0x000000000800360a                HAL_PCD_SetAddress
 .text.HAL_PCD_EP_Open
                0x0000000008003654       0xcc ./Drivers/STM32F1xx_HAL_Driver/Src/stm32f1xx_hal_pcd.o
                0x0000000008003654                HAL_PCD_EP_Open
 .text.HAL_PCD_EP_Close
                0x0000000008003720       0x90 ./Drivers/STM32F1xx_HAL_Driver/Src/stm32f1xx_hal_pcd.o
                0x0000000008003720                HAL_PCD_EP_Close
 .text.HAL_PCD_EP_Receive
                0x00000000080037b0       0x7a ./Drivers/STM32F1xx_HAL_Driver/Src/stm32f1xx_hal_pcd.o
                0x00000000080037b0                HAL_PCD_EP_Receive
 .text.HAL_PCD_EP_GetRxCount
                0x000000000800382a       0x2e ./Drivers/STM32F1xx_HAL_Driver/Src/stm32f1xx_hal_pcd.o
                0x000000000800382a                HAL_PCD_EP_GetRxCount
 .text.HAL_PCD_EP_Transmit
                0x0000000008003858       0x86 ./Drivers/STM32F1xx_HAL_Driver/Src/stm32f1xx_hal_pcd.o
                0x0000000008003858                HAL_PCD_EP_Transmit
 .text.HAL_PCD_EP_SetStall
                0x00000000080038de       0xc0 ./Drivers/STM32F1xx_HAL_Driver/Src/stm32f1xx_hal_pcd.o
                0x00000000080038de                HAL_PCD_EP_SetStall
 .text.HAL_PCD_EP_ClrStall
                0x000000000800399e       0xa8 ./Drivers/STM32F1xx_HAL_Driver/Src/stm32f1xx_hal_pcd.o
                0x000000000800399e                HAL_PCD_EP_ClrStall
 .text.PCD_EP_ISR_Handler
                0x0000000008003a46      0x600 ./Drivers/STM32F1xx_HAL_Driver/Src/stm32f1xx_hal_pcd.o
 .text.HAL_PCD_EP_DB_Receive
                0x0000000008004046      0x21a ./Drivers/STM32F1xx_HAL_Driver/Src/stm32f1xx_hal_pcd.o
 .text.HAL_PCD_EP_DB_Transmit
                0x0000000008004260      0x7a4 ./Drivers/STM32F1xx_HAL_Driver/Src/stm32f1xx_hal_pcd.o
 .text.HAL_PCDEx_PMAConfig
                0x0000000008004a04       0x84 ./Drivers/STM32F1xx_HAL_Driver/Src/stm32f1xx_hal_pcd_ex.o
                0x0000000008004a04                HAL_PCDEx_PMAConfig
 .text.HAL_RCC_OscConfig
                0x0000000008004a88      0x504 ./Drivers/STM32F1xx_HAL_Driver/Src/stm32f1xx_hal_rcc.o
                0x0000000008004a88                HAL_RCC_OscConfig
 .text.HAL_RCC_ClockConfig
                0x0000000008004f8c      0x1d4 ./Drivers/STM32F1xx_HAL_Driver/Src/stm32f1xx_hal_rcc.o
                0x0000000008004f8c                HAL_RCC_ClockConfig
 .text.HAL_RCC_GetSysClockFreq
                0x0000000008005160       0xbc ./Drivers/STM32F1xx_HAL_Driver/Src/stm32f1xx_hal_rcc.o
                0x0000000008005160                HAL_RCC_GetSysClockFreq
 .text.HAL_RCC_GetHCLKFreq
                0x000000000800521c       0x14 ./Drivers/STM32F1xx_HAL_Driver/Src/stm32f1xx_hal_rcc.o
                0x000000000800521c                HAL_RCC_GetHCLKFreq
 .text.HAL_RCC_GetPCLK1Freq
                0x0000000008005230       0x28 ./Drivers/STM32F1xx_HAL_Driver/Src/stm32f1xx_hal_rcc.o
                0x0000000008005230                HAL_RCC_GetPCLK1Freq
 .text.HAL_RCC_GetPCLK2Freq
                0x0000000008005258       0x28 ./Drivers/STM32F1xx_HAL_Driver/Src/stm32f1xx_hal_rcc.o
                0x0000000008005258                HAL_RCC_GetPCLK2Freq
 .text.RCC_Delay
                0x0000000008005280       0x3c ./Drivers/STM32F1xx_HAL_Driver/Src/stm32f1xx_hal_rcc.o
 .text.HAL_RCCEx_PeriphCLKConfig
                0x00000000080052bc      0x16c ./Drivers/STM32F1xx_HAL_Driver/Src/stm32f1xx_hal_rcc_ex.o
                0x00000000080052bc                HAL_RCCEx_PeriphCLKConfig
 .text.HAL_RCCEx_GetPeriphCLKFreq
                0x0000000008005428      0x180 ./Drivers/STM32F1xx_HAL_Driver/Src/stm32f1xx_hal_rcc_ex.o
                0x0000000008005428                HAL_RCCEx_GetPeriphCLKFreq
 .text.USB_CoreInit
                0x00000000080055a8       0x20 ./Drivers/STM32F1xx_HAL_Driver/Src/stm32f1xx_ll_usb.o
                0x00000000080055a8                USB_CoreInit
 .text.USB_EnableGlobalInt
                0x00000000080055c8       0x2c ./Drivers/STM32F1xx_HAL_Driver/Src/stm32f1xx_ll_usb.o
                0x00000000080055c8                USB_EnableGlobalInt
 .text.USB_DisableGlobalInt
                0x00000000080055f4       0x34 ./Drivers/STM32F1xx_HAL_Driver/Src/stm32f1xx_ll_usb.o
                0x00000000080055f4                USB_DisableGlobalInt
 .text.USB_SetCurrentMode
                0x0000000008005628       0x18 ./Drivers/STM32F1xx_HAL_Driver/Src/stm32f1xx_ll_usb.o
                0x0000000008005628                USB_SetCurrentMode
 .text.USB_DevInit
                0x0000000008005640       0x40 ./Drivers/STM32F1xx_HAL_Driver/Src/stm32f1xx_ll_usb.o
                0x0000000008005640                USB_DevInit
 .text.USB_ActivateEndpoint
                0x0000000008005680      0x6d4 ./Drivers/STM32F1xx_HAL_Driver/Src/stm32f1xx_ll_usb.o
                0x0000000008005680                USB_ActivateEndpoint
 .text.USB_DeactivateEndpoint
                0x0000000008005d54      0x3d8 ./Drivers/STM32F1xx_HAL_Driver/Src/stm32f1xx_ll_usb.o
                0x0000000008005d54                USB_DeactivateEndpoint
 .text.USB_EPStartXfer
                0x000000000800612c     0x1c70 ./Drivers/STM32F1xx_HAL_Driver/Src/stm32f1xx_ll_usb.o
                0x000000000800612c                USB_EPStartXfer
 .text.USB_EPSetStall
                0x0000000008007d9c       0xa0 ./Drivers/STM32F1xx_HAL_Driver/Src/stm32f1xx_ll_usb.o
                0x0000000008007d9c                USB_EPSetStall
 .text.USB_EPClearStall
                0x0000000008007e3c      0x15a ./Drivers/STM32F1xx_HAL_Driver/Src/stm32f1xx_ll_usb.o
                0x0000000008007e3c                USB_EPClearStall
 .text.USB_SetDevAddress
                0x0000000008007f96       0x26 ./Drivers/STM32F1xx_HAL_Driver/Src/stm32f1xx_ll_usb.o
                0x0000000008007f96                USB_SetDevAddress
 .text.USB_DevConnect
                0x0000000008007fbc       0x14 ./Drivers/STM32F1xx_HAL_Driver/Src/stm32f1xx_ll_usb.o
                0x0000000008007fbc                USB_DevConnect
 .text.USB_DevDisconnect
                0x0000000008007fd0       0x14 ./Drivers/STM32F1xx_HAL_Driver/Src/stm32f1xx_ll_usb.o
                0x0000000008007fd0                USB_DevDisconnect
 .text.USB_ReadInterrupts
                0x0000000008007fe4       0x1e ./Drivers/STM32F1xx_HAL_Driver/Src/stm32f1xx_ll_usb.o
                0x0000000008007fe4                USB_ReadInterrupts
 .text.USB_EP0_OutStart
                0x0000000008008002       0x16 ./Drivers/STM32F1xx_HAL_Driver/Src/stm32f1xx_ll_usb.o
                0x0000000008008002                USB_EP0_OutStart
 .text.USB_WritePMA
                0x0000000008008018       0x8a ./Drivers/STM32F1xx_HAL_Driver/Src/stm32f1xx_ll_usb.o
                0x0000000008008018                USB_WritePMA
 .text.USB_ReadPMA
                0x00000000080080a2       0x9e ./Drivers/STM32F1xx_HAL_Driver/Src/stm32f1xx_ll_usb.o
                0x00000000080080a2                USB_ReadPMA
 .text.USBD_CDC_Init
                0x0000000008008140       0xf4 ./Middlewares/ST/STM32_USB_Device_Library/Class/CDC/Src/usbd_cdc.o
 .text.USBD_CDC_DeInit
                0x0000000008008234       0x6e ./Middlewares/ST/STM32_USB_Device_Library/Class/CDC/Src/usbd_cdc.o
 .text.USBD_CDC_Setup
                0x00000000080082a2      0x146 ./Middlewares/ST/STM32_USB_Device_Library/Class/CDC/Src/usbd_cdc.o
 .text.USBD_CDC_DataIn
                0x00000000080083e8       0xa6 ./Middlewares/ST/STM32_USB_Device_Library/Class/CDC/Src/usbd_cdc.o
 .text.USBD_CDC_DataOut
                0x000000000800848e       0x56 ./Middlewares/ST/STM32_USB_Device_Library/Class/CDC/Src/usbd_cdc.o
 .text.USBD_CDC_EP0_RxReady
                0x00000000080084e4       0x50 ./Middlewares/ST/STM32_USB_Device_Library/Class/CDC/Src/usbd_cdc.o
 .text.USBD_CDC_GetFSCfgDesc
                0x0000000008008534       0x20 ./Middlewares/ST/STM32_USB_Device_Library/Class/CDC/Src/usbd_cdc.o
 .text.USBD_CDC_GetHSCfgDesc
                0x0000000008008554       0x20 ./Middlewares/ST/STM32_USB_Device_Library/Class/CDC/Src/usbd_cdc.o
 .text.USBD_CDC_GetOtherSpeedCfgDesc
                0x0000000008008574       0x20 ./Middlewares/ST/STM32_USB_Device_Library/Class/CDC/Src/usbd_cdc.o
 .text.USBD_CDC_GetDeviceQualifierDescriptor
                0x0000000008008594       0x20 ./Middlewares/ST/STM32_USB_Device_Library/Class/CDC/Src/usbd_cdc.o
                0x0000000008008594                USBD_CDC_GetDeviceQualifierDescriptor
 .text.USBD_CDC_RegisterInterface
                0x00000000080085b4       0x2c ./Middlewares/ST/STM32_USB_Device_Library/Class/CDC/Src/usbd_cdc.o
                0x00000000080085b4                USBD_CDC_RegisterInterface
 .text.USBD_CDC_SetTxBuffer
                0x00000000080085e0       0x32 ./Middlewares/ST/STM32_USB_Device_Library/Class/CDC/Src/usbd_cdc.o
                0x00000000080085e0                USBD_CDC_SetTxBuffer
 .text.USBD_CDC_SetRxBuffer
                0x0000000008008612       0x26 ./Middlewares/ST/STM32_USB_Device_Library/Class/CDC/Src/usbd_cdc.o
                0x0000000008008612                USBD_CDC_SetRxBuffer
 .text.USBD_CDC_ReceivePacket
                0x0000000008008638       0x54 ./Middlewares/ST/STM32_USB_Device_Library/Class/CDC/Src/usbd_cdc.o
                0x0000000008008638                USBD_CDC_ReceivePacket
 .text.USBD_Init
                0x000000000800868c       0x56 ./Middlewares/ST/STM32_USB_Device_Library/Core/Src/usbd_core.o
                0x000000000800868c                USBD_Init
 .text.USBD_RegisterClass
                0x00000000080086e2       0x32 ./Middlewares/ST/STM32_USB_Device_Library/Core/Src/usbd_core.o
                0x00000000080086e2                USBD_RegisterClass
 .text.USBD_Start
                0x0000000008008714       0x18 ./Middlewares/ST/STM32_USB_Device_Library/Core/Src/usbd_core.o
                0x0000000008008714                USBD_Start
 .text.USBD_RunTestMode
                0x000000000800872c       0x14 ./Middlewares/ST/STM32_USB_Device_Library/Core/Src/usbd_core.o
                0x000000000800872c                USBD_RunTestMode
 .text.USBD_SetClassConfig
                0x0000000008008740       0x3e ./Middlewares/ST/STM32_USB_Device_Library/Core/Src/usbd_core.o
                0x0000000008008740                USBD_SetClassConfig
 .text.USBD_ClrClassConfig
                0x000000000800877e       0x26 ./Middlewares/ST/STM32_USB_Device_Library/Core/Src/usbd_core.o
                0x000000000800877e                USBD_ClrClassConfig
 .text.USBD_LL_SetupStage
                0x00000000080087a4       0x9a ./Middlewares/ST/STM32_USB_Device_Library/Core/Src/usbd_core.o
                0x00000000080087a4                USBD_LL_SetupStage
 .text.USBD_LL_DataOutStage
                0x000000000800883e       0xe2 ./Middlewares/ST/STM32_USB_Device_Library/Core/Src/usbd_core.o
                0x000000000800883e                USBD_LL_DataOutStage
 .text.USBD_LL_DataInStage
                0x0000000008008920      0x14a ./Middlewares/ST/STM32_USB_Device_Library/Core/Src/usbd_core.o
                0x0000000008008920                USBD_LL_DataInStage
 .text.USBD_LL_Reset
                0x0000000008008a6a       0x82 ./Middlewares/ST/STM32_USB_Device_Library/Core/Src/usbd_core.o
                0x0000000008008a6a                USBD_LL_Reset
 .text.USBD_LL_SetSpeed
                0x0000000008008aec       0x1e ./Middlewares/ST/STM32_USB_Device_Library/Core/Src/usbd_core.o
                0x0000000008008aec                USBD_LL_SetSpeed
 .text.USBD_LL_Suspend
                0x0000000008008b0a       0x28 ./Middlewares/ST/STM32_USB_Device_Library/Core/Src/usbd_core.o
                0x0000000008008b0a                USBD_LL_Suspend
 .text.USBD_LL_Resume
                0x0000000008008b32       0x2a ./Middlewares/ST/STM32_USB_Device_Library/Core/Src/usbd_core.o
                0x0000000008008b32                USBD_LL_Resume
 .text.USBD_LL_SOF
                0x0000000008008b5c       0x34 ./Middlewares/ST/STM32_USB_Device_Library/Core/Src/usbd_core.o
                0x0000000008008b5c                USBD_LL_SOF
 .text.USBD_StdDevReq
                0x0000000008008b90       0xd4 ./Middlewares/ST/STM32_USB_Device_Library/Core/Src/usbd_ctlreq.o
                0x0000000008008b90                USBD_StdDevReq
 .text.USBD_StdItfReq
                0x0000000008008c64       0x90 ./Middlewares/ST/STM32_USB_Device_Library/Core/Src/usbd_ctlreq.o
                0x0000000008008c64                USBD_StdItfReq
 .text.USBD_StdEPReq
                0x0000000008008cf4      0x2c6 ./Middlewares/ST/STM32_USB_Device_Library/Core/Src/usbd_ctlreq.o
                0x0000000008008cf4                USBD_StdEPReq
 *fill*         0x0000000008008fba        0x2 
 .text.USBD_GetDescriptor
                0x0000000008008fbc      0x2d0 ./Middlewares/ST/STM32_USB_Device_Library/Core/Src/usbd_ctlreq.o
 .text.USBD_SetAddress
                0x000000000800928c       0x86 ./Middlewares/ST/STM32_USB_Device_Library/Core/Src/usbd_ctlreq.o
 *fill*         0x0000000008009312        0x2 
 .text.USBD_SetConfig
                0x0000000008009314      0x11c ./Middlewares/ST/STM32_USB_Device_Library/Core/Src/usbd_ctlreq.o
 .text.USBD_GetConfig
                0x0000000008009430       0x6a ./Middlewares/ST/STM32_USB_Device_Library/Core/Src/usbd_ctlreq.o
 .text.USBD_GetStatus
                0x000000000800949a       0x66 ./Middlewares/ST/STM32_USB_Device_Library/Core/Src/usbd_ctlreq.o
 .text.USBD_SetFeature
                0x0000000008009500       0x28 ./Middlewares/ST/STM32_USB_Device_Library/Core/Src/usbd_ctlreq.o
 .text.USBD_ClrFeature
                0x0000000008009528       0x42 ./Middlewares/ST/STM32_USB_Device_Library/Core/Src/usbd_ctlreq.o
 .text.USBD_ParseSetupRequest
                0x000000000800956a       0x78 ./Middlewares/ST/STM32_USB_Device_Library/Core/Src/usbd_ctlreq.o
                0x000000000800956a                USBD_ParseSetupRequest
 .text.USBD_CtlError
                0x00000000080095e2       0x22 ./Middlewares/ST/STM32_USB_Device_Library/Core/Src/usbd_ctlreq.o
                0x00000000080095e2                USBD_CtlError
 .text.USBD_GetString
                0x0000000008009604       0x84 ./Middlewares/ST/STM32_USB_Device_Library/Core/Src/usbd_ctlreq.o
                0x0000000008009604                USBD_GetString
 .text.USBD_GetLen
                0x0000000008009688       0x2e ./Middlewares/ST/STM32_USB_Device_Library/Core/Src/usbd_ctlreq.o
 .text.USBD_CtlSendData
                0x00000000080096b6       0x38 ./Middlewares/ST/STM32_USB_Device_Library/Core/Src/usbd_ioreq.o
                0x00000000080096b6                USBD_CtlSendData
 .text.USBD_CtlContinueSendData
                0x00000000080096ee       0x24 ./Middlewares/ST/STM32_USB_Device_Library/Core/Src/usbd_ioreq.o
                0x00000000080096ee                USBD_CtlContinueSendData
 .text.USBD_CtlPrepareRx
                0x0000000008009712       0x3c ./Middlewares/ST/STM32_USB_Device_Library/Core/Src/usbd_ioreq.o
                0x0000000008009712                USBD_CtlPrepareRx
 .text.USBD_CtlContinueRx
                0x000000000800974e       0x24 ./Middlewares/ST/STM32_USB_Device_Library/Core/Src/usbd_ioreq.o
                0x000000000800974e                USBD_CtlContinueRx
 .text.USBD_CtlSendStatus
                0x0000000008009772       0x26 ./Middlewares/ST/STM32_USB_Device_Library/Core/Src/usbd_ioreq.o
                0x0000000008009772                USBD_CtlSendStatus
 .text.USBD_CtlReceiveStatus
                0x0000000008009798       0x26 ./Middlewares/ST/STM32_USB_Device_Library/Core/Src/usbd_ioreq.o
                0x0000000008009798                USBD_CtlReceiveStatus
 *fill*         0x00000000080097be        0x2 
 .text.MX_USB_DEVICE_Init
                0x00000000080097c0       0x60 ./USB_DEVICE/App/usb_device.o
                0x00000000080097c0                MX_USB_DEVICE_Init
 .text.CDC_Init_FS
                0x0000000008009820       0x28 ./USB_DEVICE/App/usbd_cdc_if.o
 .text.CDC_DeInit_FS
                0x0000000008009848        0xe ./USB_DEVICE/App/usbd_cdc_if.o
 *fill*         0x0000000008009856        0x2 
 .text.CDC_Control_FS
                0x0000000008009858       0xbc ./USB_DEVICE/App/usbd_cdc_if.o
 .text.CDC_Receive_FS
                0x0000000008009914       0x28 ./USB_DEVICE/App/usbd_cdc_if.o
 .text.USBD_FS_DeviceDescriptor
                0x000000000800993c       0x24 ./USB_DEVICE/App/usbd_desc.o
                0x000000000800993c                USBD_FS_DeviceDescriptor
 .text.USBD_FS_LangIDStrDescriptor
                0x0000000008009960       0x24 ./USB_DEVICE/App/usbd_desc.o
                0x0000000008009960                USBD_FS_LangIDStrDescriptor
 .text.USBD_FS_ProductStrDescriptor
                0x0000000008009984       0x3c ./USB_DEVICE/App/usbd_desc.o
                0x0000000008009984                USBD_FS_ProductStrDescriptor
 .text.USBD_FS_ManufacturerStrDescriptor
                0x00000000080099c0       0x28 ./USB_DEVICE/App/usbd_desc.o
                0x00000000080099c0                USBD_FS_ManufacturerStrDescriptor
 .text.USBD_FS_SerialStrDescriptor
                0x00000000080099e8       0x24 ./USB_DEVICE/App/usbd_desc.o
                0x00000000080099e8                USBD_FS_SerialStrDescriptor
 .text.USBD_FS_ConfigStrDescriptor
                0x0000000008009a0c       0x3c ./USB_DEVICE/App/usbd_desc.o
                0x0000000008009a0c                USBD_FS_ConfigStrDescriptor
 .text.USBD_FS_InterfaceStrDescriptor
                0x0000000008009a48       0x3c ./USB_DEVICE/App/usbd_desc.o
                0x0000000008009a48                USBD_FS_InterfaceStrDescriptor
 .text.Get_SerialNum
                0x0000000008009a84       0x58 ./USB_DEVICE/App/usbd_desc.o
 .text.IntToUnicode
                0x0000000008009adc       0x7c ./USB_DEVICE/App/usbd_desc.o
 .text.HAL_PCD_MspInit
                0x0000000008009b58       0x4c ./USB_DEVICE/Target/usbd_conf.o
                0x0000000008009b58                HAL_PCD_MspInit
 .text.HAL_PCD_SetupStageCallback
                0x0000000008009ba4       0x24 ./USB_DEVICE/Target/usbd_conf.o
                0x0000000008009ba4                HAL_PCD_SetupStageCallback
 .text.HAL_PCD_DataOutStageCallback
                0x0000000008009bc8       0x36 ./USB_DEVICE/Target/usbd_conf.o
                0x0000000008009bc8                HAL_PCD_DataOutStageCallback
 .text.HAL_PCD_DataInStageCallback
                0x0000000008009bfe       0x34 ./USB_DEVICE/Target/usbd_conf.o
                0x0000000008009bfe                HAL_PCD_DataInStageCallback
 .text.HAL_PCD_SOFCallback
                0x0000000008009c32       0x1c ./USB_DEVICE/Target/usbd_conf.o
                0x0000000008009c32                HAL_PCD_SOFCallback
 .text.HAL_PCD_ResetCallback
                0x0000000008009c4e       0x3c ./USB_DEVICE/Target/usbd_conf.o
                0x0000000008009c4e                HAL_PCD_ResetCallback
 *fill*         0x0000000008009c8a        0x2 
 .text.HAL_PCD_SuspendCallback
                0x0000000008009c8c       0x34 ./USB_DEVICE/Target/usbd_conf.o
                0x0000000008009c8c                HAL_PCD_SuspendCallback
 .text.HAL_PCD_ResumeCallback
                0x0000000008009cc0       0x1c ./USB_DEVICE/Target/usbd_conf.o
                0x0000000008009cc0                HAL_PCD_ResumeCallback
 .text.USBD_LL_Init
                0x0000000008009cdc       0xb4 ./USB_DEVICE/Target/usbd_conf.o
                0x0000000008009cdc                USBD_LL_Init
 .text.USBD_LL_Start
                0x0000000008009d90       0x36 ./USB_DEVICE/Target/usbd_conf.o
                0x0000000008009d90                USBD_LL_Start
 .text.USBD_LL_OpenEP
                0x0000000008009dc6       0x4c ./USB_DEVICE/Target/usbd_conf.o
                0x0000000008009dc6                USBD_LL_OpenEP
 .text.USBD_LL_CloseEP
                0x0000000008009e12       0x3e ./USB_DEVICE/Target/usbd_conf.o
                0x0000000008009e12                USBD_LL_CloseEP
 .text.USBD_LL_StallEP
                0x0000000008009e50       0x3e ./USB_DEVICE/Target/usbd_conf.o
                0x0000000008009e50                USBD_LL_StallEP
 .text.USBD_LL_ClearStallEP
                0x0000000008009e8e       0x3e ./USB_DEVICE/Target/usbd_conf.o
                0x0000000008009e8e                USBD_LL_ClearStallEP
 .text.USBD_LL_IsStallEP
                0x0000000008009ecc       0x58 ./USB_DEVICE/Target/usbd_conf.o
                0x0000000008009ecc                USBD_LL_IsStallEP
 .text.USBD_LL_SetUSBAddress
                0x0000000008009f24       0x3e ./USB_DEVICE/Target/usbd_conf.o
                0x0000000008009f24                USBD_LL_SetUSBAddress
 .text.USBD_LL_Transmit
                0x0000000008009f62       0x46 ./USB_DEVICE/Target/usbd_conf.o
                0x0000000008009f62                USBD_LL_Transmit
 .text.USBD_LL_PrepareReceive
                0x0000000008009fa8       0x46 ./USB_DEVICE/Target/usbd_conf.o
                0x0000000008009fa8                USBD_LL_PrepareReceive
 .text.USBD_LL_GetRxDataSize
                0x0000000008009fee       0x26 ./USB_DEVICE/Target/usbd_conf.o
                0x0000000008009fee                USBD_LL_GetRxDataSize
 .text.USBD_static_malloc
                0x000000000800a014       0x18 ./USB_DEVICE/Target/usbd_conf.o
                0x000000000800a014                USBD_static_malloc
 .text.USBD_static_free
                0x000000000800a02c       0x12 ./USB_DEVICE/Target/usbd_conf.o
                0x000000000800a02c                USBD_static_free
 .text.HAL_PCDEx_SetConnectionState
                0x000000000800a03e       0x16 ./USB_DEVICE/Target/usbd_conf.o
                0x000000000800a03e                HAL_PCDEx_SetConnectionState
 .text.USBD_Get_USB_Status
                0x000000000800a054       0x58 ./USB_DEVICE/Target/usbd_conf.o
 .text.__libc_init_array
                0x000000000800a0ac       0x48 /opt/st/stm32cubeide_1.9.0/plugins/com.st.stm32cube.ide.mcu.externaltools.gnu-tools-for-stm32.10.3-2021.10.linux64_1.0.0.202111181127/tools/bin/../lib/gcc/arm-none-eabi/10.3.1/../../../../arm-none-eabi/lib/thumb/v7-m/nofp/libc_nano.a(lib_a-init.o)
                0x000000000800a0ac                __libc_init_array
 .text.memset   0x000000000800a0f4       0x10 /opt/st/stm32cubeide_1.9.0/plugins/com.st.stm32cube.ide.mcu.externaltools.gnu-tools-for-stm32.10.3-2021.10.linux64_1.0.0.202111181127/tools/bin/../lib/gcc/arm-none-eabi/10.3.1/../../../../arm-none-eabi/lib/thumb/v7-m/nofp/libc_nano.a(lib_a-memset.o)
                0x000000000800a0f4                memset
 *(.glue_7)
 .glue_7        0x000000000800a104        0x0 linker stubs
 *(.glue_7t)
 .glue_7t       0x000000000800a104        0x0 linker stubs
 *(.eh_frame)
 .eh_frame      0x000000000800a104        0x0 /opt/st/stm32cubeide_1.9.0/plugins/com.st.stm32cube.ide.mcu.externaltools.gnu-tools-for-stm32.10.3-2021.10.linux64_1.0.0.202111181127/tools/bin/../lib/gcc/arm-none-eabi/10.3.1/thumb/v7-m/nofp/crtbegin.o
 *(.init)
 .init          0x000000000800a104        0x4 /opt/st/stm32cubeide_1.9.0/plugins/com.st.stm32cube.ide.mcu.externaltools.gnu-tools-for-stm32.10.3-2021.10.linux64_1.0.0.202111181127/tools/bin/../lib/gcc/arm-none-eabi/10.3.1/thumb/v7-m/nofp/crti.o
                0x000000000800a104                _init
 .init          0x000000000800a108        0x8 /opt/st/stm32cubeide_1.9.0/plugins/com.st.stm32cube.ide.mcu.externaltools.gnu-tools-for-stm32.10.3-2021.10.linux64_1.0.0.202111181127/tools/bin/../lib/gcc/arm-none-eabi/10.3.1/thumb/v7-m/nofp/crtn.o
 *(.fini)
 .fini          0x000000000800a110        0x4 /opt/st/stm32cubeide_1.9.0/plugins/com.st.stm32cube.ide.mcu.externaltools.gnu-tools-for-stm32.10.3-2021.10.linux64_1.0.0.202111181127/tools/bin/../lib/gcc/arm-none-eabi/10.3.1/thumb/v7-m/nofp/crti.o
                0x000000000800a110                _fini
 .fini          0x000000000800a114        0x8 /opt/st/stm32cubeide_1.9.0/plugins/com.st.stm32cube.ide.mcu.externaltools.gnu-tools-for-stm32.10.3-2021.10.linux64_1.0.0.202111181127/tools/bin/../lib/gcc/arm-none-eabi/10.3.1/thumb/v7-m/nofp/crtn.o
                0x000000000800a11c                . = ALIGN (0x4)
                0x000000000800a11c                _etext = .

.vfp11_veneer   0x000000000800a11c        0x0
 .vfp11_veneer  0x000000000800a11c        0x0 linker stubs

.v4_bx          0x000000000800a11c        0x0
 .v4_bx         0x000000000800a11c        0x0 linker stubs

.iplt           0x000000000800a11c        0x0
 .iplt          0x000000000800a11c        0x0 /opt/st/stm32cubeide_1.9.0/plugins/com.st.stm32cube.ide.mcu.externaltools.gnu-tools-for-stm32.10.3-2021.10.linux64_1.0.0.202111181127/tools/bin/../lib/gcc/arm-none-eabi/10.3.1/thumb/v7-m/nofp/crtbegin.o

.rodata         0x000000000800a11c       0x80
                0x000000000800a11c                . = ALIGN (0x4)
 *(.rodata)
 .rodata        0x000000000800a11c       0x10 ./Drivers/STM32F1xx_HAL_Driver/Src/stm32f1xx_hal_rcc.o
 .rodata        0x000000000800a12c       0x10 ./Drivers/STM32F1xx_HAL_Driver/Src/stm32f1xx_hal_rcc_ex.o
 .rodata        0x000000000800a13c       0x46 ./USB_DEVICE/App/usbd_desc.o
 *(.rodata*)
 *fill*         0x000000000800a182        0x2 
 .rodata.AHBPrescTable
                0x000000000800a184       0x10 ./Core/Src/system_stm32f1xx.o
                0x000000000800a184                AHBPrescTable
 .rodata.APBPrescTable
                0x000000000800a194        0x8 ./Core/Src/system_stm32f1xx.o
                0x000000000800a194                APBPrescTable
                0x000000000800a19c                . = ALIGN (0x4)

.rel.dyn        0x000000000800a19c        0x0
 .rel.iplt      0x000000000800a19c        0x0 /opt/st/stm32cubeide_1.9.0/plugins/com.st.stm32cube.ide.mcu.externaltools.gnu-tools-for-stm32.10.3-2021.10.linux64_1.0.0.202111181127/tools/bin/../lib/gcc/arm-none-eabi/10.3.1/thumb/v7-m/nofp/crtbegin.o

.ARM.extab      0x000000000800a19c        0x0
                0x000000000800a19c                . = ALIGN (0x4)
 *(.ARM.extab* .gnu.linkonce.armextab.*)
                0x000000000800a19c                . = ALIGN (0x4)

.ARM            0x000000000800a19c        0x0
                0x000000000800a19c                . = ALIGN (0x4)
                0x000000000800a19c                __exidx_start = .
 *(.ARM.exidx*)
                0x000000000800a19c                __exidx_end = .
                0x000000000800a19c                . = ALIGN (0x4)

.preinit_array  0x000000000800a19c        0x0
                0x000000000800a19c                . = ALIGN (0x4)
                0x000000000800a19c                PROVIDE (__preinit_array_start = .)
 *(.preinit_array*)
                0x000000000800a19c                PROVIDE (__preinit_array_end = .)
                0x000000000800a19c                . = ALIGN (0x4)

.init_array     0x000000000800a19c        0x4
                0x000000000800a19c                . = ALIGN (0x4)
                0x000000000800a19c                PROVIDE (__init_array_start = .)
 *(SORT_BY_NAME(.init_array.*))
 *(.init_array*)
 .init_array    0x000000000800a19c        0x4 /opt/st/stm32cubeide_1.9.0/plugins/com.st.stm32cube.ide.mcu.externaltools.gnu-tools-for-stm32.10.3-2021.10.linux64_1.0.0.202111181127/tools/bin/../lib/gcc/arm-none-eabi/10.3.1/thumb/v7-m/nofp/crtbegin.o
                0x000000000800a1a0                PROVIDE (__init_array_end = .)
                0x000000000800a1a0                . = ALIGN (0x4)

.fini_array     0x000000000800a1a0        0x4
                0x000000000800a1a0                . = ALIGN (0x4)
                [!provide]                        PROVIDE (__fini_array_start = .)
 *(SORT_BY_NAME(.fini_array.*))
 *(.fini_array*)
 .fini_array    0x000000000800a1a0        0x4 /opt/st/stm32cubeide_1.9.0/plugins/com.st.stm32cube.ide.mcu.externaltools.gnu-tools-for-stm32.10.3-2021.10.linux64_1.0.0.202111181127/tools/bin/../lib/gcc/arm-none-eabi/10.3.1/thumb/v7-m/nofp/crtbegin.o
                [!provide]                        PROVIDE (__fini_array_end = .)
                0x000000000800a1a4                . = ALIGN (0x4)
                0x000000000800a1a4                _sidata = LOADADDR (.data)

.data           0x0000000020000000      0x17c load address 0x000000000800a1a4
                0x0000000020000000                . = ALIGN (0x4)
                0x0000000020000000                _sdata = .
 *(.data)
 *(.data*)
 .data.SystemCoreClock
                0x0000000020000000        0x4 ./Core/Src/system_stm32f1xx.o
                0x0000000020000000                SystemCoreClock
 .data.uwTickPrio
                0x0000000020000004        0x4 ./Drivers/STM32F1xx_HAL_Driver/Src/stm32f1xx_hal.o
                0x0000000020000004                uwTickPrio
 .data.uwTickFreq
                0x0000000020000008        0x1 ./Drivers/STM32F1xx_HAL_Driver/Src/stm32f1xx_hal.o
                0x0000000020000008                uwTickFreq
 *fill*         0x0000000020000009        0x3 
 .data.USBD_CDC_DeviceQualifierDesc
                0x000000002000000c        0xa ./Middlewares/ST/STM32_USB_Device_Library/Class/CDC/Src/usbd_cdc.o
 *fill*         0x0000000020000016        0x2 
 .data.USBD_CDC
                0x0000000020000018       0x38 ./Middlewares/ST/STM32_USB_Device_Library/Class/CDC/Src/usbd_cdc.o
                0x0000000020000018                USBD_CDC
 .data.USBD_CDC_CfgHSDesc
                0x0000000020000050       0x43 ./Middlewares/ST/STM32_USB_Device_Library/Class/CDC/Src/usbd_cdc.o
                0x0000000020000050                USBD_CDC_CfgHSDesc
 *fill*         0x0000000020000093        0x1 
 .data.USBD_CDC_CfgFSDesc
                0x0000000020000094       0x43 ./Middlewares/ST/STM32_USB_Device_Library/Class/CDC/Src/usbd_cdc.o
                0x0000000020000094                USBD_CDC_CfgFSDesc
 *fill*         0x00000000200000d7        0x1 
 .data.USBD_CDC_OtherSpeedCfgDesc
                0x00000000200000d8       0x43 ./Middlewares/ST/STM32_USB_Device_Library/Class/CDC/Src/usbd_cdc.o
                0x00000000200000d8                USBD_CDC_OtherSpeedCfgDesc
 *fill*         0x000000002000011b        0x1 
 .data.USBD_Interface_fops_FS
                0x000000002000011c       0x10 ./USB_DEVICE/App/usbd_cdc_if.o
                0x000000002000011c                USBD_Interface_fops_FS
 .data.FS_Desc  0x000000002000012c       0x1c ./USB_DEVICE/App/usbd_desc.o
                0x000000002000012c                FS_Desc
 .data.USBD_FS_DeviceDesc
                0x0000000020000148       0x12 ./USB_DEVICE/App/usbd_desc.o
                0x0000000020000148                USBD_FS_DeviceDesc
 *fill*         0x000000002000015a        0x2 
 .data.USBD_LangIDDesc
                0x000000002000015c        0x4 ./USB_DEVICE/App/usbd_desc.o
                0x000000002000015c                USBD_LangIDDesc
 .data.USBD_StringSerial
                0x0000000020000160       0x1a ./USB_DEVICE/App/usbd_desc.o
                0x0000000020000160                USBD_StringSerial
 *(.RamFunc)
 *(.RamFunc*)
                0x000000002000017c                . = ALIGN (0x4)
 *fill*         0x000000002000017a        0x2 
                0x000000002000017c                _edata = .

.igot.plt       0x000000002000017c        0x0 load address 0x000000000800a320
 .igot.plt      0x000000002000017c        0x0 /opt/st/stm32cubeide_1.9.0/plugins/com.st.stm32cube.ide.mcu.externaltools.gnu-tools-for-stm32.10.3-2021.10.linux64_1.0.0.202111181127/tools/bin/../lib/gcc/arm-none-eabi/10.3.1/thumb/v7-m/nofp/crtbegin.o
                0x000000002000017c                . = ALIGN (0x4)

.bss            0x0000000020000180     0x12f0 load address 0x000000000800a320
                0x0000000020000180                _sbss = .
                0x0000000020000180                __bss_start__ = _sbss
 *(.bss)
 .bss           0x0000000020000180       0x1c /opt/st/stm32cubeide_1.9.0/plugins/com.st.stm32cube.ide.mcu.externaltools.gnu-tools-for-stm32.10.3-2021.10.linux64_1.0.0.202111181127/tools/bin/../lib/gcc/arm-none-eabi/10.3.1/thumb/v7-m/nofp/crtbegin.o
 *(.bss*)
 .bss.hadc1     0x000000002000019c       0x30 ./Core/Src/main.o
                0x000000002000019c                hadc1
 .bss.hadc2     0x00000000200001cc       0x30 ./Core/Src/main.o
                0x00000000200001cc                hadc2
 .bss.hi2c1     0x00000000200001fc       0x54 ./Core/Src/main.o
                0x00000000200001fc                hi2c1
 .bss.hi2c2     0x0000000020000250       0x54 ./Core/Src/main.o
                0x0000000020000250                hi2c2
 .bss.receivedData_SensorOne
                0x00000000200002a4        0x3 ./Core/Src/main.o
                0x00000000200002a4                receivedData_SensorOne
 *fill*         0x00000000200002a7        0x1 
 .bss.receivedData_SensorTwo
                0x00000000200002a8        0x3 ./Core/Src/main.o
                0x00000000200002a8                receivedData_SensorTwo
 .bss.result    0x00000000200002ab        0x1 ./Core/Src/main.o
                0x00000000200002ab                result
 .bss.result1   0x00000000200002ac        0x1 ./Core/Src/main.o
                0x00000000200002ac                result1
 *fill*         0x00000000200002ad        0x3 
 .bss.airflow_sensorOne
                0x00000000200002b0        0x8 ./Core/Src/main.o
                0x00000000200002b0                airflow_sensorOne
 .bss.airflow_sensorTwo
                0x00000000200002b8        0x8 ./Core/Src/main.o
                0x00000000200002b8                airflow_sensorTwo
 .bss.pressureSens1_kPa
                0x00000000200002c0        0x2 ./Core/Src/main.o
                0x00000000200002c0                pressureSens1_kPa
 .bss.pressureSens2_kPa
                0x00000000200002c2        0x2 ./Core/Src/main.o
                0x00000000200002c2                pressureSens2_kPa
 .bss.adc_value
                0x00000000200002c4        0x2 ./Core/Src/main.o
                0x00000000200002c4                adc_value
 .bss.adc_value1
                0x00000000200002c6        0x2 ./Core/Src/main.o
                0x00000000200002c6                adc_value1
 .bss.uwTick    0x00000000200002c8        0x4 ./Drivers/STM32F1xx_HAL_Driver/Src/stm32f1xx_hal.o
                0x00000000200002c8                uwTick
 .bss.cfgidx.0  0x00000000200002cc        0x1 ./Middlewares/ST/STM32_USB_Device_Library/Core/Src/usbd_ctlreq.o
 *fill*         0x00000000200002cd        0x3 
 .bss.hUsbDeviceFS
                0x00000000200002d0      0x2c4 ./USB_DEVICE/App/usb_device.o
                0x00000000200002d0                hUsbDeviceFS
 .bss.UserRxBufferFS
                0x0000000020000594      0x3e8 ./USB_DEVICE/App/usbd_cdc_if.o
                0x0000000020000594                UserRxBufferFS
 .bss.UserTxBufferFS
                0x000000002000097c      0x3e8 ./USB_DEVICE/App/usbd_cdc_if.o
                0x000000002000097c                UserTxBufferFS
 .bss.USBD_StrDesc
                0x0000000020000d64      0x200 ./USB_DEVICE/App/usbd_desc.o
                0x0000000020000d64                USBD_StrDesc
 .bss.hpcd_USB_FS
                0x0000000020000f64      0x2ec ./USB_DEVICE/Target/usbd_conf.o
                0x0000000020000f64                hpcd_USB_FS
 .bss.mem.0     0x0000000020001250      0x220 ./USB_DEVICE/Target/usbd_conf.o
 *(COMMON)
                0x0000000020001470                . = ALIGN (0x4)
                0x0000000020001470                _ebss = .
                0x0000000020001470                __bss_end__ = _ebss

._user_heap_stack
                0x0000000020001470      0x600 load address 0x000000000800a320
                0x0000000020001470                . = ALIGN (0x8)
                [!provide]                        PROVIDE (end = .)
                0x0000000020001470                PROVIDE (_end = .)
                0x0000000020001670                . = (. + _Min_Heap_Size)
 *fill*         0x0000000020001470      0x200 
                0x0000000020001a70                . = (. + _Min_Stack_Size)
 *fill*         0x0000000020001670      0x400 
                0x0000000020001a70                . = ALIGN (0x8)

/DISCARD/
 libc.a(*)
 libm.a(*)
 libgcc.a(*)

.ARM.attributes
                0x0000000000000000       0x29
 *(.ARM.attributes)
 .ARM.attributes
                0x0000000000000000       0x1d /opt/st/stm32cubeide_1.9.0/plugins/com.st.stm32cube.ide.mcu.externaltools.gnu-tools-for-stm32.10.3-2021.10.linux64_1.0.0.202111181127/tools/bin/../lib/gcc/arm-none-eabi/10.3.1/thumb/v7-m/nofp/crti.o
 .ARM.attributes
                0x000000000000001d       0x2d /opt/st/stm32cubeide_1.9.0/plugins/com.st.stm32cube.ide.mcu.externaltools.gnu-tools-for-stm32.10.3-2021.10.linux64_1.0.0.202111181127/tools/bin/../lib/gcc/arm-none-eabi/10.3.1/thumb/v7-m/nofp/crtbegin.o
 .ARM.attributes
                0x000000000000004a       0x2d ./Core/Src/main.o
 .ARM.attributes
                0x0000000000000077       0x2d ./Core/Src/stm32f1xx_hal_msp.o
 .ARM.attributes
                0x00000000000000a4       0x2d ./Core/Src/stm32f1xx_it.o
 .ARM.attributes
                0x00000000000000d1       0x2d ./Core/Src/system_stm32f1xx.o
 .ARM.attributes
                0x00000000000000fe       0x21 ./Core/Startup/startup_stm32f103c8tx.o
 .ARM.attributes
                0x000000000000011f       0x2d ./Drivers/SFM3300Driver/SFM3300.o
 .ARM.attributes
                0x000000000000014c       0x2d ./Drivers/STM32F1xx_HAL_Driver/Src/stm32f1xx_hal.o
 .ARM.attributes
                0x0000000000000179       0x2d ./Drivers/STM32F1xx_HAL_Driver/Src/stm32f1xx_hal_adc.o
 .ARM.attributes
                0x00000000000001a6       0x2d ./Drivers/STM32F1xx_HAL_Driver/Src/stm32f1xx_hal_cortex.o
 .ARM.attributes
                0x00000000000001d3       0x2d ./Drivers/STM32F1xx_HAL_Driver/Src/stm32f1xx_hal_gpio.o
 .ARM.attributes
                0x0000000000000200       0x2d ./Drivers/STM32F1xx_HAL_Driver/Src/stm32f1xx_hal_i2c.o
 .ARM.attributes
                0x000000000000022d       0x2d ./Drivers/STM32F1xx_HAL_Driver/Src/stm32f1xx_hal_pcd.o
 .ARM.attributes
                0x000000000000025a       0x2d ./Drivers/STM32F1xx_HAL_Driver/Src/stm32f1xx_hal_pcd_ex.o
 .ARM.attributes
                0x0000000000000287       0x2d ./Drivers/STM32F1xx_HAL_Driver/Src/stm32f1xx_hal_rcc.o
 .ARM.attributes
                0x00000000000002b4       0x2d ./Drivers/STM32F1xx_HAL_Driver/Src/stm32f1xx_hal_rcc_ex.o
 .ARM.attributes
                0x00000000000002e1       0x2d ./Drivers/STM32F1xx_HAL_Driver/Src/stm32f1xx_ll_usb.o
 .ARM.attributes
                0x000000000000030e       0x2d ./Middlewares/ST/STM32_USB_Device_Library/Class/CDC/Src/usbd_cdc.o
 .ARM.attributes
                0x000000000000033b       0x2d ./Middlewares/ST/STM32_USB_Device_Library/Core/Src/usbd_core.o
 .ARM.attributes
                0x0000000000000368       0x2d ./Middlewares/ST/STM32_USB_Device_Library/Core/Src/usbd_ctlreq.o
 .ARM.attributes
                0x0000000000000395       0x2d ./Middlewares/ST/STM32_USB_Device_Library/Core/Src/usbd_ioreq.o
 .ARM.attributes
                0x00000000000003c2       0x2d ./USB_DEVICE/App/usb_device.o
 .ARM.attributes
                0x00000000000003ef       0x2d ./USB_DEVICE/App/usbd_cdc_if.o
 .ARM.attributes
                0x000000000000041c       0x2d ./USB_DEVICE/App/usbd_desc.o
 .ARM.attributes
                0x0000000000000449       0x2d ./USB_DEVICE/Target/usbd_conf.o
 .ARM.attributes
                0x0000000000000476       0x2d /opt/st/stm32cubeide_1.9.0/plugins/com.st.stm32cube.ide.mcu.externaltools.gnu-tools-for-stm32.10.3-2021.10.linux64_1.0.0.202111181127/tools/bin/../lib/gcc/arm-none-eabi/10.3.1/../../../../arm-none-eabi/lib/thumb/v7-m/nofp/libc_nano.a(lib_a-init.o)
 .ARM.attributes
                0x00000000000004a3       0x2d /opt/st/stm32cubeide_1.9.0/plugins/com.st.stm32cube.ide.mcu.externaltools.gnu-tools-for-stm32.10.3-2021.10.linux64_1.0.0.202111181127/tools/bin/../lib/gcc/arm-none-eabi/10.3.1/../../../../arm-none-eabi/lib/thumb/v7-m/nofp/libc_nano.a(lib_a-memset.o)
 .ARM.attributes
                0x00000000000004d0       0x1d /opt/st/stm32cubeide_1.9.0/plugins/com.st.stm32cube.ide.mcu.externaltools.gnu-tools-for-stm32.10.3-2021.10.linux64_1.0.0.202111181127/tools/bin/../lib/gcc/arm-none-eabi/10.3.1/thumb/v7-m/nofp/libgcc.a(_arm_addsubdf3.o)
 .ARM.attributes
                0x00000000000004ed       0x1d /opt/st/stm32cubeide_1.9.0/plugins/com.st.stm32cube.ide.mcu.externaltools.gnu-tools-for-stm32.10.3-2021.10.linux64_1.0.0.202111181127/tools/bin/../lib/gcc/arm-none-eabi/10.3.1/thumb/v7-m/nofp/libgcc.a(_arm_muldivdf3.o)
 .ARM.attributes
                0x000000000000050a       0x1d /opt/st/stm32cubeide_1.9.0/plugins/com.st.stm32cube.ide.mcu.externaltools.gnu-tools-for-stm32.10.3-2021.10.linux64_1.0.0.202111181127/tools/bin/../lib/gcc/arm-none-eabi/10.3.1/thumb/v7-m/nofp/libgcc.a(_arm_fixunsdfsi.o)
 .ARM.attributes
                0x0000000000000527       0x1d /opt/st/stm32cubeide_1.9.0/plugins/com.st.stm32cube.ide.mcu.externaltools.gnu-tools-for-stm32.10.3-2021.10.linux64_1.0.0.202111181127/tools/bin/../lib/gcc/arm-none-eabi/10.3.1/thumb/v7-m/nofp/libgcc.a(_arm_addsubsf3.o)
 .ARM.attributes
                0x0000000000000544       0x1d /opt/st/stm32cubeide_1.9.0/plugins/com.st.stm32cube.ide.mcu.externaltools.gnu-tools-for-stm32.10.3-2021.10.linux64_1.0.0.202111181127/tools/bin/../lib/gcc/arm-none-eabi/10.3.1/thumb/v7-m/nofp/libgcc.a(_arm_muldivsf3.o)
 .ARM.attributes
                0x0000000000000561       0x1d /opt/st/stm32cubeide_1.9.0/plugins/com.st.stm32cube.ide.mcu.externaltools.gnu-tools-for-stm32.10.3-2021.10.linux64_1.0.0.202111181127/tools/bin/../lib/gcc/arm-none-eabi/10.3.1/thumb/v7-m/nofp/crtn.o
OUTPUT(Master.elf elf32-littlearm)
LOAD linker stubs
LOAD /opt/st/stm32cubeide_1.9.0/plugins/com.st.stm32cube.ide.mcu.externaltools.gnu-tools-for-stm32.10.3-2021.10.linux64_1.0.0.202111181127/tools/bin/../lib/gcc/arm-none-eabi/10.3.1/../../../../arm-none-eabi/lib/thumb/v7-m/nofp/libc.a
LOAD /opt/st/stm32cubeide_1.9.0/plugins/com.st.stm32cube.ide.mcu.externaltools.gnu-tools-for-stm32.10.3-2021.10.linux64_1.0.0.202111181127/tools/bin/../lib/gcc/arm-none-eabi/10.3.1/../../../../arm-none-eabi/lib/thumb/v7-m/nofp/libm.a
LOAD /opt/st/stm32cubeide_1.9.0/plugins/com.st.stm32cube.ide.mcu.externaltools.gnu-tools-for-stm32.10.3-2021.10.linux64_1.0.0.202111181127/tools/bin/../lib/gcc/arm-none-eabi/10.3.1/thumb/v7-m/nofp/libgcc.a

.debug_info     0x0000000000000000    0x11481
 .debug_info    0x0000000000000000      0xea4 ./Core/Src/main.o
 .debug_info    0x0000000000000ea4      0xbdf ./Core/Src/stm32f1xx_hal_msp.o
 .debug_info    0x0000000000001a83      0x661 ./Core/Src/stm32f1xx_it.o
 .debug_info    0x00000000000020e4      0x23d ./Core/Src/system_stm32f1xx.o
 .debug_info    0x0000000000002321       0x22 ./Core/Startup/startup_stm32f103c8tx.o
 .debug_info    0x0000000000002343      0x890 ./Drivers/SFM3300Driver/SFM3300.o
 .debug_info    0x0000000000002bd3      0x734 ./Drivers/STM32F1xx_HAL_Driver/Src/stm32f1xx_hal.o
 .debug_info    0x0000000000003307      0xcd9 ./Drivers/STM32F1xx_HAL_Driver/Src/stm32f1xx_hal_adc.o
 .debug_info    0x0000000000003fe0      0xb20 ./Drivers/STM32F1xx_HAL_Driver/Src/stm32f1xx_hal_cortex.o
 .debug_info    0x0000000000004b00      0x615 ./Drivers/STM32F1xx_HAL_Driver/Src/stm32f1xx_hal_gpio.o
 .debug_info    0x0000000000005115     0x2734 ./Drivers/STM32F1xx_HAL_Driver/Src/stm32f1xx_hal_i2c.o
 .debug_info    0x0000000000007849     0x16ab ./Drivers/STM32F1xx_HAL_Driver/Src/stm32f1xx_hal_pcd.o
 .debug_info    0x0000000000008ef4      0x728 ./Drivers/STM32F1xx_HAL_Driver/Src/stm32f1xx_hal_pcd_ex.o
 .debug_info    0x000000000000961c      0x860 ./Drivers/STM32F1xx_HAL_Driver/Src/stm32f1xx_hal_rcc.o
 .debug_info    0x0000000000009e7c      0x3e0 ./Drivers/STM32F1xx_HAL_Driver/Src/stm32f1xx_hal_rcc_ex.o
 .debug_info    0x000000000000a25c     0x190d ./Drivers/STM32F1xx_HAL_Driver/Src/stm32f1xx_ll_usb.o
 .debug_info    0x000000000000bb69     0x10f1 ./Middlewares/ST/STM32_USB_Device_Library/Class/CDC/Src/usbd_cdc.o
 .debug_info    0x000000000000cc5a      0xb02 ./Middlewares/ST/STM32_USB_Device_Library/Core/Src/usbd_core.o
 .debug_info    0x000000000000d75c      0x9b6 ./Middlewares/ST/STM32_USB_Device_Library/Core/Src/usbd_ctlreq.o
 .debug_info    0x000000000000e112      0x715 ./Middlewares/ST/STM32_USB_Device_Library/Core/Src/usbd_ioreq.o
 .debug_info    0x000000000000e827      0x679 ./USB_DEVICE/App/usb_device.o
 .debug_info    0x000000000000eea0      0x828 ./USB_DEVICE/App/usbd_cdc_if.o
 .debug_info    0x000000000000f6c8      0x484 ./USB_DEVICE/App/usbd_desc.o
 .debug_info    0x000000000000fb4c     0x1935 ./USB_DEVICE/Target/usbd_conf.o

.debug_abbrev   0x0000000000000000     0x302b
 .debug_abbrev  0x0000000000000000      0x2a3 ./Core/Src/main.o
 .debug_abbrev  0x00000000000002a3      0x194 ./Core/Src/stm32f1xx_hal_msp.o
 .debug_abbrev  0x0000000000000437      0x188 ./Core/Src/stm32f1xx_it.o
 .debug_abbrev  0x00000000000005bf      0x13b ./Core/Src/system_stm32f1xx.o
 .debug_abbrev  0x00000000000006fa       0x12 ./Core/Startup/startup_stm32f103c8tx.o
 .debug_abbrev  0x000000000000070c      0x211 ./Drivers/SFM3300Driver/SFM3300.o
 .debug_abbrev  0x000000000000091d      0x1fb ./Drivers/STM32F1xx_HAL_Driver/Src/stm32f1xx_hal.o
 .debug_abbrev  0x0000000000000b18      0x210 ./Drivers/STM32F1xx_HAL_Driver/Src/stm32f1xx_hal_adc.o
 .debug_abbrev  0x0000000000000d28      0x2ed ./Drivers/STM32F1xx_HAL_Driver/Src/stm32f1xx_hal_cortex.o
 .debug_abbrev  0x0000000000001015      0x1bb ./Drivers/STM32F1xx_HAL_Driver/Src/stm32f1xx_hal_gpio.o
 .debug_abbrev  0x00000000000011d0      0x288 ./Drivers/STM32F1xx_HAL_Driver/Src/stm32f1xx_hal_i2c.o
 .debug_abbrev  0x0000000000001458      0x2b9 ./Drivers/STM32F1xx_HAL_Driver/Src/stm32f1xx_hal_pcd.o
 .debug_abbrev  0x0000000000001711      0x17f ./Drivers/STM32F1xx_HAL_Driver/Src/stm32f1xx_hal_pcd_ex.o
 .debug_abbrev  0x0000000000001890      0x2a8 ./Drivers/STM32F1xx_HAL_Driver/Src/stm32f1xx_hal_rcc.o
 .debug_abbrev  0x0000000000001b38      0x182 ./Drivers/STM32F1xx_HAL_Driver/Src/stm32f1xx_hal_rcc_ex.o
 .debug_abbrev  0x0000000000001cba      0x1cd ./Drivers/STM32F1xx_HAL_Driver/Src/stm32f1xx_ll_usb.o
 .debug_abbrev  0x0000000000001e87      0x2c0 ./Middlewares/ST/STM32_USB_Device_Library/Class/CDC/Src/usbd_cdc.o
 .debug_abbrev  0x0000000000002147      0x236 ./Middlewares/ST/STM32_USB_Device_Library/Core/Src/usbd_core.o
 .debug_abbrev  0x000000000000237d      0x257 ./Middlewares/ST/STM32_USB_Device_Library/Core/Src/usbd_ctlreq.o
 .debug_abbrev  0x00000000000025d4      0x183 ./Middlewares/ST/STM32_USB_Device_Library/Core/Src/usbd_ioreq.o
 .debug_abbrev  0x0000000000002757      0x183 ./USB_DEVICE/App/usb_device.o
 .debug_abbrev  0x00000000000028da      0x252 ./USB_DEVICE/App/usbd_cdc_if.o
 .debug_abbrev  0x0000000000002b2c      0x1fa ./USB_DEVICE/App/usbd_desc.o
 .debug_abbrev  0x0000000000002d26      0x305 ./USB_DEVICE/Target/usbd_conf.o

.debug_aranges  0x0000000000000000      0xe70
 .debug_aranges
                0x0000000000000000       0x58 ./Core/Src/main.o
 .debug_aranges
                0x0000000000000058       0x40 ./Core/Src/stm32f1xx_hal_msp.o
 .debug_aranges
                0x0000000000000098       0x68 ./Core/Src/stm32f1xx_it.o
 .debug_aranges
                0x0000000000000100       0x28 ./Core/Src/system_stm32f1xx.o
 .debug_aranges
                0x0000000000000128       0x28 ./Core/Startup/startup_stm32f103c8tx.o
 .debug_aranges
                0x0000000000000150       0x40 ./Drivers/SFM3300Driver/SFM3300.o
 .debug_aranges
                0x0000000000000190       0xe0 ./Drivers/STM32F1xx_HAL_Driver/Src/stm32f1xx_hal.o
 .debug_aranges
                0x0000000000000270       0xf0 ./Drivers/STM32F1xx_HAL_Driver/Src/stm32f1xx_hal_adc.o
 .debug_aranges
                0x0000000000000360      0x100 ./Drivers/STM32F1xx_HAL_Driver/Src/stm32f1xx_hal_cortex.o
 .debug_aranges
                0x0000000000000460       0x58 ./Drivers/STM32F1xx_HAL_Driver/Src/stm32f1xx_hal_gpio.o
 .debug_aranges
                0x00000000000004b8      0x2a0 ./Drivers/STM32F1xx_HAL_Driver/Src/stm32f1xx_hal_i2c.o
 .debug_aranges
                0x0000000000000758      0x138 ./Drivers/STM32F1xx_HAL_Driver/Src/stm32f1xx_hal_pcd.o
 .debug_aranges
                0x0000000000000890       0x38 ./Drivers/STM32F1xx_HAL_Driver/Src/stm32f1xx_hal_pcd_ex.o
 .debug_aranges
                0x00000000000008c8       0x90 ./Drivers/STM32F1xx_HAL_Driver/Src/stm32f1xx_hal_rcc.o
 .debug_aranges
                0x0000000000000958       0x30 ./Drivers/STM32F1xx_HAL_Driver/Src/stm32f1xx_hal_rcc_ex.o
 .debug_aranges
                0x0000000000000988       0xf0 ./Drivers/STM32F1xx_HAL_Driver/Src/stm32f1xx_ll_usb.o
 .debug_aranges
                0x0000000000000a78       0x90 ./Middlewares/ST/STM32_USB_Device_Library/Class/CDC/Src/usbd_cdc.o
 .debug_aranges
                0x0000000000000b08       0xb8 ./Middlewares/ST/STM32_USB_Device_Library/Core/Src/usbd_core.o
 .debug_aranges
                0x0000000000000bc0       0x88 ./Middlewares/ST/STM32_USB_Device_Library/Core/Src/usbd_ctlreq.o
 .debug_aranges
                0x0000000000000c48       0x50 ./Middlewares/ST/STM32_USB_Device_Library/Core/Src/usbd_ioreq.o
 .debug_aranges
                0x0000000000000c98       0x20 ./USB_DEVICE/App/usb_device.o
 .debug_aranges
                0x0000000000000cb8       0x40 ./USB_DEVICE/App/usbd_cdc_if.o
 .debug_aranges
                0x0000000000000cf8       0x60 ./USB_DEVICE/App/usbd_desc.o
 .debug_aranges
                0x0000000000000d58      0x118 ./USB_DEVICE/Target/usbd_conf.o

.debug_ranges   0x0000000000000000      0xd20
 .debug_ranges  0x0000000000000000       0x48 ./Core/Src/main.o
 .debug_ranges  0x0000000000000048       0x30 ./Core/Src/stm32f1xx_hal_msp.o
 .debug_ranges  0x0000000000000078       0x58 ./Core/Src/stm32f1xx_it.o
 .debug_ranges  0x00000000000000d0       0x18 ./Core/Src/system_stm32f1xx.o
 .debug_ranges  0x00000000000000e8       0x20 ./Core/Startup/startup_stm32f103c8tx.o
 .debug_ranges  0x0000000000000108       0x30 ./Drivers/SFM3300Driver/SFM3300.o
 .debug_ranges  0x0000000000000138       0xd0 ./Drivers/STM32F1xx_HAL_Driver/Src/stm32f1xx_hal.o
 .debug_ranges  0x0000000000000208       0xe0 ./Drivers/STM32F1xx_HAL_Driver/Src/stm32f1xx_hal_adc.o
 .debug_ranges  0x00000000000002e8       0xf0 ./Drivers/STM32F1xx_HAL_Driver/Src/stm32f1xx_hal_cortex.o
 .debug_ranges  0x00000000000003d8       0x48 ./Drivers/STM32F1xx_HAL_Driver/Src/stm32f1xx_hal_gpio.o
 .debug_ranges  0x0000000000000420      0x2b8 ./Drivers/STM32F1xx_HAL_Driver/Src/stm32f1xx_hal_i2c.o
 .debug_ranges  0x00000000000006d8      0x128 ./Drivers/STM32F1xx_HAL_Driver/Src/stm32f1xx_hal_pcd.o
 .debug_ranges  0x0000000000000800       0x28 ./Drivers/STM32F1xx_HAL_Driver/Src/stm32f1xx_hal_pcd_ex.o
 .debug_ranges  0x0000000000000828       0x80 ./Drivers/STM32F1xx_HAL_Driver/Src/stm32f1xx_hal_rcc.o
 .debug_ranges  0x00000000000008a8       0x20 ./Drivers/STM32F1xx_HAL_Driver/Src/stm32f1xx_hal_rcc_ex.o
 .debug_ranges  0x00000000000008c8       0xe0 ./Drivers/STM32F1xx_HAL_Driver/Src/stm32f1xx_ll_usb.o
 .debug_ranges  0x00000000000009a8       0x80 ./Middlewares/ST/STM32_USB_Device_Library/Class/CDC/Src/usbd_cdc.o
 .debug_ranges  0x0000000000000a28       0xa8 ./Middlewares/ST/STM32_USB_Device_Library/Core/Src/usbd_core.o
 .debug_ranges  0x0000000000000ad0       0x78 ./Middlewares/ST/STM32_USB_Device_Library/Core/Src/usbd_ctlreq.o
 .debug_ranges  0x0000000000000b48       0x40 ./Middlewares/ST/STM32_USB_Device_Library/Core/Src/usbd_ioreq.o
 .debug_ranges  0x0000000000000b88       0x10 ./USB_DEVICE/App/usb_device.o
 .debug_ranges  0x0000000000000b98       0x30 ./USB_DEVICE/App/usbd_cdc_if.o
 .debug_ranges  0x0000000000000bc8       0x50 ./USB_DEVICE/App/usbd_desc.o
 .debug_ranges  0x0000000000000c18      0x108 ./USB_DEVICE/Target/usbd_conf.o

.debug_macro    0x0000000000000000    0x1a6b6
 .debug_macro   0x0000000000000000      0x40f ./Core/Src/main.o
 .debug_macro   0x000000000000040f      0xa6c ./Core/Src/main.o
 .debug_macro   0x0000000000000e7b      0x221 ./Core/Src/main.o
 .debug_macro   0x000000000000109c       0x2e ./Core/Src/main.o
 .debug_macro   0x00000000000010ca       0x22 ./Core/Src/main.o
 .debug_macro   0x00000000000010ec       0x22 ./Core/Src/main.o
 .debug_macro   0x000000000000110e       0x8e ./Core/Src/main.o
 .debug_macro   0x000000000000119c       0x51 ./Core/Src/main.o
 .debug_macro   0x00000000000011ed      0x103 ./Core/Src/main.o
 .debug_macro   0x00000000000012f0       0x6a ./Core/Src/main.o
 .debug_macro   0x000000000000135a      0x1df ./Core/Src/main.o
 .debug_macro   0x0000000000001539       0x1c ./Core/Src/main.o
 .debug_macro   0x0000000000001555       0x22 ./Core/Src/main.o
 .debug_macro   0x0000000000001577       0xbd ./Core/Src/main.o
 .debug_macro   0x0000000000001634      0xd23 ./Core/Src/main.o
 .debug_macro   0x0000000000002357     0xe09e ./Core/Src/main.o
 .debug_macro   0x00000000000103f5       0x6d ./Core/Src/main.o
 .debug_macro   0x0000000000010462     0x3468 ./Core/Src/main.o
 .debug_macro   0x00000000000138ca      0x174 ./Core/Src/main.o
 .debug_macro   0x0000000000013a3e       0x5c ./Core/Src/main.o
 .debug_macro   0x0000000000013a9a      0x5be ./Core/Src/main.o
 .debug_macro   0x0000000000014058      0x289 ./Core/Src/main.o
 .debug_macro   0x00000000000142e1      0x1cb ./Core/Src/main.o
 .debug_macro   0x00000000000144ac      0x114 ./Core/Src/main.o
 .debug_macro   0x00000000000145c0      0x1b2 ./Core/Src/main.o
 .debug_macro   0x0000000000014772       0x27 ./Core/Src/main.o
 .debug_macro   0x0000000000014799      0x136 ./Core/Src/main.o
 .debug_macro   0x00000000000148cf      0x1bc ./Core/Src/main.o
 .debug_macro   0x0000000000014a8b       0x34 ./Core/Src/main.o
 .debug_macro   0x0000000000014abf       0x3c ./Core/Src/main.o
 .debug_macro   0x0000000000014afb       0x57 ./Core/Src/main.o
 .debug_macro   0x0000000000014b52      0x46a ./Core/Src/main.o
 .debug_macro   0x0000000000014fbc      0x1b5 ./Core/Src/main.o
 .debug_macro   0x0000000000015171       0x88 ./Core/Src/main.o
 .debug_macro   0x00000000000151f9      0x241 ./Core/Src/main.o
 .debug_macro   0x000000000001543a      0x287 ./Core/Src/main.o
 .debug_macro   0x00000000000156c1      0x141 ./Core/Src/main.o
 .debug_macro   0x0000000000015802       0x65 ./Core/Src/main.o
 .debug_macro   0x0000000000015867      0x249 ./Core/Src/main.o
 .debug_macro   0x0000000000015ab0       0x83 ./Core/Src/main.o
 .debug_macro   0x0000000000015b33       0x52 ./Core/Src/main.o
 .debug_macro   0x0000000000015b85       0x18 ./Core/Src/main.o
 .debug_macro   0x0000000000015b9d       0x3c ./Core/Src/main.o
 .debug_macro   0x0000000000015bd9       0x34 ./Core/Src/main.o
 .debug_macro   0x0000000000015c0d       0x16 ./Core/Src/main.o
 .debug_macro   0x0000000000015c23       0x35 ./Core/Src/main.o
 .debug_macro   0x0000000000015c58      0x341 ./Core/Src/main.o
 .debug_macro   0x0000000000015f99       0x10 ./Core/Src/main.o
 .debug_macro   0x0000000000015fa9       0x16 ./Core/Src/main.o
 .debug_macro   0x0000000000015fbf       0x43 ./Core/Src/main.o
 .debug_macro   0x0000000000016002       0x34 ./Core/Src/main.o
 .debug_macro   0x0000000000016036       0x10 ./Core/Src/main.o
 .debug_macro   0x0000000000016046       0x58 ./Core/Src/main.o
 .debug_macro   0x000000000001609e       0x71 ./Core/Src/main.o
 .debug_macro   0x000000000001610f       0x1c ./Core/Src/main.o
 .debug_macro   0x000000000001612b      0x12a ./Core/Src/main.o
 .debug_macro   0x0000000000016255       0x10 ./Core/Src/main.o
 .debug_macro   0x0000000000016265       0x1c ./Core/Src/main.o
 .debug_macro   0x0000000000016281       0x52 ./Core/Src/main.o
 .debug_macro   0x00000000000162d3       0x22 ./Core/Src/main.o
 .debug_macro   0x00000000000162f5       0x10 ./Core/Src/main.o
 .debug_macro   0x0000000000016305       0x52 ./Core/Src/main.o
 .debug_macro   0x0000000000016357       0xd5 ./Core/Src/main.o
 .debug_macro   0x000000000001642c       0x1c ./Core/Src/main.o
 .debug_macro   0x0000000000016448       0x3d ./Core/Src/main.o
 .debug_macro   0x0000000000016485       0x16 ./Core/Src/main.o
 .debug_macro   0x000000000001649b      0x145 ./Core/Src/main.o
 .debug_macro   0x00000000000165e0       0x16 ./Core/Src/main.o
 .debug_macro   0x00000000000165f6       0x16 ./Core/Src/main.o
 .debug_macro   0x000000000001660c       0x29 ./Core/Src/main.o
 .debug_macro   0x0000000000016635       0x16 ./Core/Src/main.o
 .debug_macro   0x000000000001664b       0x20 ./Core/Src/main.o
 .debug_macro   0x000000000001666b       0x5f ./Core/Src/main.o
 .debug_macro   0x00000000000166ca      0x1c8 ./Core/Src/main.o
 .debug_macro   0x0000000000016892       0x8f ./Core/Src/main.o
 .debug_macro   0x0000000000016921       0x10 ./Core/Src/main.o
 .debug_macro   0x0000000000016931      0x1d0 ./Core/Src/stm32f1xx_hal_msp.o
 .debug_macro   0x0000000000016b01      0x1da ./Core/Src/stm32f1xx_it.o
 .debug_macro   0x0000000000016cdb      0x1c6 ./Core/Src/system_stm32f1xx.o
 .debug_macro   0x0000000000016ea1      0x1e8 ./Drivers/SFM3300Driver/SFM3300.o
 .debug_macro   0x0000000000017089      0x1ea ./Drivers/STM32F1xx_HAL_Driver/Src/stm32f1xx_hal.o
 .debug_macro   0x0000000000017273      0x1e3 ./Drivers/STM32F1xx_HAL_Driver/Src/stm32f1xx_hal_adc.o
 .debug_macro   0x0000000000017456      0x1c6 ./Drivers/STM32F1xx_HAL_Driver/Src/stm32f1xx_hal_cortex.o
 .debug_macro   0x000000000001761c      0x231 ./Drivers/STM32F1xx_HAL_Driver/Src/stm32f1xx_hal_gpio.o
 .debug_macro   0x000000000001784d      0x20d ./Drivers/STM32F1xx_HAL_Driver/Src/stm32f1xx_hal_i2c.o
 .debug_macro   0x0000000000017a5a      0x1d2 ./Drivers/STM32F1xx_HAL_Driver/Src/stm32f1xx_hal_pcd.o
 .debug_macro   0x0000000000017c2c      0x1c6 ./Drivers/STM32F1xx_HAL_Driver/Src/stm32f1xx_hal_pcd_ex.o
 .debug_macro   0x0000000000017df2      0x1d8 ./Drivers/STM32F1xx_HAL_Driver/Src/stm32f1xx_hal_rcc.o
 .debug_macro   0x0000000000017fca      0x1c6 ./Drivers/STM32F1xx_HAL_Driver/Src/stm32f1xx_hal_rcc_ex.o
 .debug_macro   0x0000000000018190      0x1c6 ./Drivers/STM32F1xx_HAL_Driver/Src/stm32f1xx_ll_usb.o
 .debug_macro   0x0000000000018356      0x3e6 ./Middlewares/ST/STM32_USB_Device_Library/Class/CDC/Src/usbd_cdc.o
 .debug_macro   0x000000000001873c       0x97 ./Middlewares/ST/STM32_USB_Device_Library/Class/CDC/Src/usbd_cdc.o
 .debug_macro   0x00000000000187d3       0xfd ./Middlewares/ST/STM32_USB_Device_Library/Class/CDC/Src/usbd_cdc.o
 .debug_macro   0x00000000000188d0       0x56 ./Middlewares/ST/STM32_USB_Device_Library/Class/CDC/Src/usbd_cdc.o
 .debug_macro   0x0000000000018926      0x3cd ./Middlewares/ST/STM32_USB_Device_Library/Core/Src/usbd_core.o
 .debug_macro   0x0000000000018cf3      0x1ce ./Middlewares/ST/STM32_USB_Device_Library/Core/Src/usbd_core.o
 .debug_macro   0x0000000000018ec1      0x3d7 ./Middlewares/ST/STM32_USB_Device_Library/Core/Src/usbd_ctlreq.o
 .debug_macro   0x0000000000019298      0x3d3 ./Middlewares/ST/STM32_USB_Device_Library/Core/Src/usbd_ioreq.o
 .debug_macro   0x000000000001966b      0x40c ./USB_DEVICE/App/usb_device.o
 .debug_macro   0x0000000000019a77       0x22 ./USB_DEVICE/App/usb_device.o
 .debug_macro   0x0000000000019a99       0x16 ./USB_DEVICE/App/usb_device.o
 .debug_macro   0x0000000000019aaf      0x3f1 ./USB_DEVICE/App/usbd_cdc_if.o
 .debug_macro   0x0000000000019ea0      0x40a ./USB_DEVICE/App/usbd_desc.o
 .debug_macro   0x000000000001a2aa       0x1c ./USB_DEVICE/App/usbd_desc.o
 .debug_macro   0x000000000001a2c6      0x3f0 ./USB_DEVICE/Target/usbd_conf.o

.debug_line     0x0000000000000000    0x1335d
 .debug_line    0x0000000000000000      0xbfe ./Core/Src/main.o
 .debug_line    0x0000000000000bfe      0x77a ./Core/Src/stm32f1xx_hal_msp.o
 .debug_line    0x0000000000001378      0x76a ./Core/Src/stm32f1xx_it.o
 .debug_line    0x0000000000001ae2      0x70e ./Core/Src/system_stm32f1xx.o
 .debug_line    0x00000000000021f0       0x87 ./Core/Startup/startup_stm32f103c8tx.o
 .debug_line    0x0000000000002277      0x769 ./Drivers/SFM3300Driver/SFM3300.o
 .debug_line    0x00000000000029e0      0x93b ./Drivers/STM32F1xx_HAL_Driver/Src/stm32f1xx_hal.o
 .debug_line    0x000000000000331b      0xfb2 ./Drivers/STM32F1xx_HAL_Driver/Src/stm32f1xx_hal_adc.o
 .debug_line    0x00000000000042cd      0xb23 ./Drivers/STM32F1xx_HAL_Driver/Src/stm32f1xx_hal_cortex.o
 .debug_line    0x0000000000004df0      0x9d2 ./Drivers/STM32F1xx_HAL_Driver/Src/stm32f1xx_hal_gpio.o
 .debug_line    0x00000000000057c2     0x3a25 ./Drivers/STM32F1xx_HAL_Driver/Src/stm32f1xx_hal_i2c.o
 .debug_line    0x00000000000091e7     0x1329 ./Drivers/STM32F1xx_HAL_Driver/Src/stm32f1xx_hal_pcd.o
 .debug_line    0x000000000000a510      0x709 ./Drivers/STM32F1xx_HAL_Driver/Src/stm32f1xx_hal_pcd_ex.o
 .debug_line    0x000000000000ac19      0xd49 ./Drivers/STM32F1xx_HAL_Driver/Src/stm32f1xx_hal_rcc.o
 .debug_line    0x000000000000b962      0x887 ./Drivers/STM32F1xx_HAL_Driver/Src/stm32f1xx_hal_rcc_ex.o
 .debug_line    0x000000000000c1e9     0x106e ./Drivers/STM32F1xx_HAL_Driver/Src/stm32f1xx_ll_usb.o
 .debug_line    0x000000000000d257      0xd10 ./Middlewares/ST/STM32_USB_Device_Library/Class/CDC/Src/usbd_cdc.o
 .debug_line    0x000000000000df67      0xd90 ./Middlewares/ST/STM32_USB_Device_Library/Core/Src/usbd_core.o
 .debug_line    0x000000000000ecf7      0xfb2 ./Middlewares/ST/STM32_USB_Device_Library/Core/Src/usbd_ctlreq.o
 .debug_line    0x000000000000fca9      0xa26 ./Middlewares/ST/STM32_USB_Device_Library/Core/Src/usbd_ioreq.o
 .debug_line    0x00000000000106cf      0x9e6 ./USB_DEVICE/App/usb_device.o
 .debug_line    0x00000000000110b5      0xa2e ./USB_DEVICE/App/usbd_cdc_if.o
 .debug_line    0x0000000000011ae3      0xaaf ./USB_DEVICE/App/usbd_desc.o
 .debug_line    0x0000000000012592      0xdcb ./USB_DEVICE/Target/usbd_conf.o

.debug_str      0x0000000000000000    0x8c151
 .debug_str     0x0000000000000000    0x887a7 ./Core/Src/main.o
                                      0x88c11 (size before relaxing)
 .debug_str     0x00000000000887a7      0x103 ./Core/Src/stm32f1xx_hal_msp.o
                                      0x83ce0 (size before relaxing)
 .debug_str     0x00000000000888aa      0x3cd ./Core/Src/stm32f1xx_it.o
                                      0x83a5c (size before relaxing)
 .debug_str     0x0000000000088c77       0x7e ./Core/Src/system_stm32f1xx.o
                                      0x836b3 (size before relaxing)
 .debug_str     0x0000000000088cf5       0x36 ./Core/Startup/startup_stm32f103c8tx.o
                                         0x68 (size before relaxing)
 .debug_str     0x0000000000088d2b      0x144 ./Drivers/SFM3300Driver/SFM3300.o
                                      0x83c6c (size before relaxing)
 .debug_str     0x0000000000088e6f      0x607 ./Drivers/STM32F1xx_HAL_Driver/Src/stm32f1xx_hal.o
                                      0x83de6 (size before relaxing)
 .debug_str     0x0000000000089476      0x357 ./Drivers/STM32F1xx_HAL_Driver/Src/stm32f1xx_hal_adc.o
                                      0x83d90 (size before relaxing)
 .debug_str     0x00000000000897cd      0x293 ./Drivers/STM32F1xx_HAL_Driver/Src/stm32f1xx_hal_cortex.o
                                      0x83d32 (size before relaxing)
 .debug_str     0x0000000000089a60      0x2e6 ./Drivers/STM32F1xx_HAL_Driver/Src/stm32f1xx_hal_gpio.o
                                      0x83a39 (size before relaxing)
 .debug_str     0x0000000000089d46      0xb31 ./Drivers/STM32F1xx_HAL_Driver/Src/stm32f1xx_hal_i2c.o
                                      0x84727 (size before relaxing)
 .debug_str     0x000000000008a877      0x573 ./Drivers/STM32F1xx_HAL_Driver/Src/stm32f1xx_hal_pcd.o
                                      0x83f8b (size before relaxing)
 .debug_str     0x000000000008adea      0x170 ./Drivers/STM32F1xx_HAL_Driver/Src/stm32f1xx_hal_pcd_ex.o
                                      0x83b27 (size before relaxing)
 .debug_str     0x000000000008af5a      0x209 ./Drivers/STM32F1xx_HAL_Driver/Src/stm32f1xx_hal_rcc.o
                                      0x83ae2 (size before relaxing)
 .debug_str     0x000000000008b163       0x84 ./Drivers/STM32F1xx_HAL_Driver/Src/stm32f1xx_hal_rcc_ex.o
                                      0x83832 (size before relaxing)
 .debug_str     0x000000000008b1e7      0x129 ./Drivers/STM32F1xx_HAL_Driver/Src/stm32f1xx_ll_usb.o
                                      0x83b5a (size before relaxing)
 .debug_str     0x000000000008b310      0x63e ./Middlewares/ST/STM32_USB_Device_Library/Class/CDC/Src/usbd_cdc.o
                                      0x88bcf (size before relaxing)
 .debug_str     0x000000000008b94e      0x281 ./Middlewares/ST/STM32_USB_Device_Library/Core/Src/usbd_core.o
                                      0x8850a (size before relaxing)
 .debug_str     0x000000000008bbcf      0x120 ./Middlewares/ST/STM32_USB_Device_Library/Core/Src/usbd_ctlreq.o
                                      0x88424 (size before relaxing)
 .debug_str     0x000000000008bcef       0x51 ./Middlewares/ST/STM32_USB_Device_Library/Core/Src/usbd_ioreq.o
                                      0x88351 (size before relaxing)
 .debug_str     0x000000000008bd40       0xc6 ./USB_DEVICE/App/usb_device.o
                                      0x886dc (size before relaxing)
 .debug_str     0x000000000008be06       0x86 ./USB_DEVICE/App/usbd_cdc_if.o
                                      0x88702 (size before relaxing)
 .debug_str     0x000000000008be8c      0x258 ./USB_DEVICE/App/usbd_desc.o
                                      0x8828d (size before relaxing)
 .debug_str     0x000000000008c0e4       0x6d ./USB_DEVICE/Target/usbd_conf.o
                                      0x8915c (size before relaxing)

.comment        0x0000000000000000       0x50
 .comment       0x0000000000000000       0x50 ./Core/Src/main.o
                                         0x51 (size before relaxing)
 .comment       0x0000000000000050       0x51 ./Core/Src/stm32f1xx_hal_msp.o
 .comment       0x0000000000000050       0x51 ./Core/Src/stm32f1xx_it.o
 .comment       0x0000000000000050       0x51 ./Core/Src/system_stm32f1xx.o
 .comment       0x0000000000000050       0x51 ./Drivers/SFM3300Driver/SFM3300.o
 .comment       0x0000000000000050       0x51 ./Drivers/STM32F1xx_HAL_Driver/Src/stm32f1xx_hal.o
 .comment       0x0000000000000050       0x51 ./Drivers/STM32F1xx_HAL_Driver/Src/stm32f1xx_hal_adc.o
 .comment       0x0000000000000050       0x51 ./Drivers/STM32F1xx_HAL_Driver/Src/stm32f1xx_hal_cortex.o
 .comment       0x0000000000000050       0x51 ./Drivers/STM32F1xx_HAL_Driver/Src/stm32f1xx_hal_gpio.o
 .comment       0x0000000000000050       0x51 ./Drivers/STM32F1xx_HAL_Driver/Src/stm32f1xx_hal_i2c.o
 .comment       0x0000000000000050       0x51 ./Drivers/STM32F1xx_HAL_Driver/Src/stm32f1xx_hal_pcd.o
 .comment       0x0000000000000050       0x51 ./Drivers/STM32F1xx_HAL_Driver/Src/stm32f1xx_hal_pcd_ex.o
 .comment       0x0000000000000050       0x51 ./Drivers/STM32F1xx_HAL_Driver/Src/stm32f1xx_hal_rcc.o
 .comment       0x0000000000000050       0x51 ./Drivers/STM32F1xx_HAL_Driver/Src/stm32f1xx_hal_rcc_ex.o
 .comment       0x0000000000000050       0x51 ./Drivers/STM32F1xx_HAL_Driver/Src/stm32f1xx_ll_usb.o
 .comment       0x0000000000000050       0x51 ./Middlewares/ST/STM32_USB_Device_Library/Class/CDC/Src/usbd_cdc.o
 .comment       0x0000000000000050       0x51 ./Middlewares/ST/STM32_USB_Device_Library/Core/Src/usbd_core.o
 .comment       0x0000000000000050       0x51 ./Middlewares/ST/STM32_USB_Device_Library/Core/Src/usbd_ctlreq.o
 .comment       0x0000000000000050       0x51 ./Middlewares/ST/STM32_USB_Device_Library/Core/Src/usbd_ioreq.o
 .comment       0x0000000000000050       0x51 ./USB_DEVICE/App/usb_device.o
 .comment       0x0000000000000050       0x51 ./USB_DEVICE/App/usbd_cdc_if.o
 .comment       0x0000000000000050       0x51 ./USB_DEVICE/App/usbd_desc.o
 .comment       0x0000000000000050       0x51 ./USB_DEVICE/Target/usbd_conf.o

.debug_frame    0x0000000000000000     0x3b80
 .debug_frame   0x0000000000000000      0x110 ./Core/Src/main.o
 .debug_frame   0x0000000000000110       0xc8 ./Core/Src/stm32f1xx_hal_msp.o
 .debug_frame   0x00000000000001d8      0x120 ./Core/Src/stm32f1xx_it.o
 .debug_frame   0x00000000000002f8       0x58 ./Core/Src/system_stm32f1xx.o
 .debug_frame   0x0000000000000350       0xc0 ./Drivers/SFM3300Driver/SFM3300.o
 .debug_frame   0x0000000000000410      0x334 ./Drivers/STM32F1xx_HAL_Driver/Src/stm32f1xx_hal.o
 .debug_frame   0x0000000000000744      0x40c ./Drivers/STM32F1xx_HAL_Driver/Src/stm32f1xx_hal_adc.o
 .debug_frame   0x0000000000000b50      0x428 ./Drivers/STM32F1xx_HAL_Driver/Src/stm32f1xx_hal_cortex.o
 .debug_frame   0x0000000000000f78      0x14c ./Drivers/STM32F1xx_HAL_Driver/Src/stm32f1xx_hal_gpio.o
 .debug_frame   0x00000000000010c4      0xc5c ./Drivers/STM32F1xx_HAL_Driver/Src/stm32f1xx_hal_i2c.o
 .debug_frame   0x0000000000001d20      0x578 ./Drivers/STM32F1xx_HAL_Driver/Src/stm32f1xx_hal_pcd.o
 .debug_frame   0x0000000000002298       0xb0 ./Drivers/STM32F1xx_HAL_Driver/Src/stm32f1xx_hal_pcd_ex.o
 .debug_frame   0x0000000000002348      0x21c ./Drivers/STM32F1xx_HAL_Driver/Src/stm32f1xx_hal_rcc.o
 .debug_frame   0x0000000000002564       0x84 ./Drivers/STM32F1xx_HAL_Driver/Src/stm32f1xx_hal_rcc_ex.o
 .debug_frame   0x00000000000025e8      0x450 ./Drivers/STM32F1xx_HAL_Driver/Src/stm32f1xx_ll_usb.o
 .debug_frame   0x0000000000002a38      0x248 ./Middlewares/ST/STM32_USB_Device_Library/Class/CDC/Src/usbd_cdc.o
 .debug_frame   0x0000000000002c80      0x300 ./Middlewares/ST/STM32_USB_Device_Library/Core/Src/usbd_core.o
 .debug_frame   0x0000000000002f80      0x218 ./Middlewares/ST/STM32_USB_Device_Library/Core/Src/usbd_ctlreq.o
 .debug_frame   0x0000000000003198      0x10c ./Middlewares/ST/STM32_USB_Device_Library/Core/Src/usbd_ioreq.o
 .debug_frame   0x00000000000032a4       0x2c ./USB_DEVICE/App/usb_device.o
 .debug_frame   0x00000000000032d0       0xbc ./USB_DEVICE/App/usbd_cdc_if.o
 .debug_frame   0x000000000000338c      0x160 ./USB_DEVICE/App/usbd_desc.o
 .debug_frame   0x00000000000034ec      0x4a4 ./USB_DEVICE/Target/usbd_conf.o
 .debug_frame   0x0000000000003990       0x2c /opt/st/stm32cubeide_1.9.0/plugins/com.st.stm32cube.ide.mcu.externaltools.gnu-tools-for-stm32.10.3-2021.10.linux64_1.0.0.202111181127/tools/bin/../lib/gcc/arm-none-eabi/10.3.1/../../../../arm-none-eabi/lib/thumb/v7-m/nofp/libc_nano.a(lib_a-init.o)
 .debug_frame   0x00000000000039bc       0x20 /opt/st/stm32cubeide_1.9.0/plugins/com.st.stm32cube.ide.mcu.externaltools.gnu-tools-for-stm32.10.3-2021.10.linux64_1.0.0.202111181127/tools/bin/../lib/gcc/arm-none-eabi/10.3.1/../../../../arm-none-eabi/lib/thumb/v7-m/nofp/libc_nano.a(lib_a-memset.o)
 .debug_frame   0x00000000000039dc       0xac /opt/st/stm32cubeide_1.9.0/plugins/com.st.stm32cube.ide.mcu.externaltools.gnu-tools-for-stm32.10.3-2021.10.linux64_1.0.0.202111181127/tools/bin/../lib/gcc/arm-none-eabi/10.3.1/thumb/v7-m/nofp/libgcc.a(_arm_addsubdf3.o)
 .debug_frame   0x0000000000003a88       0x50 /opt/st/stm32cubeide_1.9.0/plugins/com.st.stm32cube.ide.mcu.externaltools.gnu-tools-for-stm32.10.3-2021.10.linux64_1.0.0.202111181127/tools/bin/../lib/gcc/arm-none-eabi/10.3.1/thumb/v7-m/nofp/libgcc.a(_arm_muldivdf3.o)
 .debug_frame   0x0000000000003ad8       0x24 /opt/st/stm32cubeide_1.9.0/plugins/com.st.stm32cube.ide.mcu.externaltools.gnu-tools-for-stm32.10.3-2021.10.linux64_1.0.0.202111181127/tools/bin/../lib/gcc/arm-none-eabi/10.3.1/thumb/v7-m/nofp/libgcc.a(_arm_fixunsdfsi.o)